Archive member included because of file (symbol)

c:/program files (x86)/microchip/mplab c32 suite/bin/../lib/gcc/pic32mx/4.5.1/../../../../pic32mx/lib\libc.a(general-exception.o)
                              c:/program files (x86)/microchip/mplab c32 suite/bin/../lib/gcc/pic32mx/4.5.1/../../../../pic32mx/lib/crt0.o (_general_exception_context)
c:/program files (x86)/microchip/mplab c32 suite/bin/../lib/gcc/pic32mx/4.5.1/../../../../pic32mx/lib\libc.a(puts.o)
                              pic_master.o (puts)
c:/program files (x86)/microchip/mplab c32 suite/bin/../lib/gcc/pic32mx/4.5.1/../../../../pic32mx/lib\libc.a(printf_cdnopuxX.eo)
                              pic_master.o (_printf_cdnopuxX)
c:/program files (x86)/microchip/mplab c32 suite/bin/../lib/gcc/pic32mx/4.5.1/../../../../pic32mx/lib\libc.a(default-general-exception-handler.o)
                              c:/program files (x86)/microchip/mplab c32 suite/bin/../lib/gcc/pic32mx/4.5.1/../../../../pic32mx/lib\libc.a(general-exception.o) (_general_exception_handler)
c:/program files (x86)/microchip/mplab c32 suite/bin/../lib/gcc/pic32mx/4.5.1/../../../../pic32mx/lib\libc.a(default-bootstrap-exception-handler.o)
                              c:/program files (x86)/microchip/mplab c32 suite/bin/../lib/gcc/pic32mx/4.5.1/../../../../pic32mx/lib/crt0.o (_bootstrap_exception_handler)
c:/program files (x86)/microchip/mplab c32 suite/bin/../lib/gcc/pic32mx/4.5.1/../../../../pic32mx/lib\libc.a(default-on-reset.o)
                              c:/program files (x86)/microchip/mplab c32 suite/bin/../lib/gcc/pic32mx/4.5.1/../../../../pic32mx/lib/crt0.o (_on_reset)
c:/program files (x86)/microchip/mplab c32 suite/bin/../lib/gcc/pic32mx/4.5.1/../../../../pic32mx/lib\libc.a(default-on-bootstrap.o)
                              c:/program files (x86)/microchip/mplab c32 suite/bin/../lib/gcc/pic32mx/4.5.1/../../../../pic32mx/lib/crt0.o (_on_bootstrap)
c:/program files (x86)/microchip/mplab c32 suite/bin/../lib/gcc/pic32mx/4.5.1/../../../../pic32mx/lib\libc.a(default-nmi-handler.o)
                              c:/program files (x86)/microchip/mplab c32 suite/bin/../lib/gcc/pic32mx/4.5.1/../../../../pic32mx/lib/crt0.o (_nmi_handler)
c:/program files (x86)/microchip/mplab c32 suite/bin/../lib/gcc/pic32mx/4.5.1/../../../../pic32mx/lib\libc.a(_iob.o)
                              c:/program files (x86)/microchip/mplab c32 suite/bin/../lib/gcc/pic32mx/4.5.1/../../../../pic32mx/lib\libc.a(puts.o) (_iob)
c:/program files (x86)/microchip/mplab c32 suite/bin/../lib/gcc/pic32mx/4.5.1/../../../../pic32mx/lib\libc.a(_fputc_simple.o)
                              c:/program files (x86)/microchip/mplab c32 suite/bin/../lib/gcc/pic32mx/4.5.1/../../../../pic32mx/lib\libc.a(puts.o) (fputc)
c:/program files (x86)/microchip/mplab c32 suite/bin/../lib/gcc/pic32mx/4.5.1/../../../../pic32mx/lib\libc.a(doprnt_cdnopuxX.eo)
                              c:/program files (x86)/microchip/mplab c32 suite/bin/../lib/gcc/pic32mx/4.5.1/../../../../pic32mx/lib\libc.a(printf_cdnopuxX.eo) (_vfprintf_cdnopuxX)
c:/program files (x86)/microchip/mplab c32 suite/bin/../lib/gcc/pic32mx/4.5.1/../../../../pic32mx/lib\libc.a(write.o)
                              c:/program files (x86)/microchip/mplab c32 suite/bin/../lib/gcc/pic32mx/4.5.1/../../../../pic32mx/lib\libc.a(_fputc_simple.o) (write)
c:/program files (x86)/microchip/mplab c32 suite/bin/../lib/gcc/pic32mx/4.5.1/../../../../pic32mx/lib\libc.a(_flsbuf_simple.o)
                              c:/program files (x86)/microchip/mplab c32 suite/bin/../lib/gcc/pic32mx/4.5.1/../../../../pic32mx/lib\libc.a(_fputc_simple.o) (_flsbuf)
c:/program files (x86)/microchip/mplab c32 suite/bin/../lib/gcc/pic32mx/4.5.1/../../../../pic32mx/lib\libc.a(ctype.o)
                              c:/program files (x86)/microchip/mplab c32 suite/bin/../lib/gcc/pic32mx/4.5.1/../../../../pic32mx/lib\libc.a(doprnt_cdnopuxX.eo) (_ctype)
c:/program files (x86)/microchip/mplab c32 suite/bin/../lib/gcc/pic32mx/4.5.1/../../../../pic32mx/lib\libc.a(_mon_putc.o)
                              c:/program files (x86)/microchip/mplab c32 suite/bin/../lib/gcc/pic32mx/4.5.1/../../../../pic32mx/lib\libc.a(write.o) (_mon_putc)
c:/program files (x86)/microchip/mplab c32 suite/bin/../lib/gcc/pic32mx/4.5.1/../../../../pic32mx/lib\libc.a(c32_uart.o)
                              c:/program files (x86)/microchip/mplab c32 suite/bin/../lib/gcc/pic32mx/4.5.1/../../../../pic32mx/lib\libc.a(_mon_putc.o) (__C32_UART)
c:/program files (x86)/microchip/mplab c32 suite/bin/../lib/gcc/pic32mx/4.5.1\libgcc.a(_udivdi3.o)
                              c:/program files (x86)/microchip/mplab c32 suite/bin/../lib/gcc/pic32mx/4.5.1/../../../../pic32mx/lib\libc.a(doprnt_cdnopuxX.eo) (__udivdi3)
c:/program files (x86)/microchip/mplab c32 suite/bin/../lib/gcc/pic32mx/4.5.1\libgcc.a(_umoddi3.o)
                              c:/program files (x86)/microchip/mplab c32 suite/bin/../lib/gcc/pic32mx/4.5.1/../../../../pic32mx/lib\libc.a(doprnt_cdnopuxX.eo) (__umoddi3)

Microchip PIC32 Memory-Usage Report

kseg0 Program-Memory Usage
section                    address  length [bytes]      (dec)  Description
-------                 ----------  -------------------------  -----------
.text._vfprintf_cdnopux 0x9d000008          0xae4        2788   
.text                   0x9d000aec          0xae0        2784  App's exec code 
.dinit                  0x9d0015cc          0x15c         348   
.text.fputc             0x9d001728          0x140         320   
.text._flsbuf           0x9d001868          0x12c         300   
.rodata                 0x9d001994          0x104         260  Read-only const 
.text.general_exception 0x9d001a98           0xd0         208   
.rodata                 0x9d001b68           0xd0         208  Read-only const 
.text._mon_putc         0x9d001c38           0xb4         180   
.text.write             0x9d001cec           0x88         136   
.text.fputs             0x9d001d74           0x78         120   
.text.puts              0x9d001dec           0x44          68   
.rodata                 0x9d001e30           0x40          64  Read-only const 
.text._printf_cdnopuxX  0x9d001e70           0x40          64   
.text                   0x9d001eb0           0x28          40  App's exec code 
.text._general_exceptio 0x9d001ed8            0xc          12   
.text._bootstrap_except 0x9d001ee4            0xc          12   
.text._on_reset         0x9d001ef0            0x8           8   
.text._on_bootstrap     0x9d001ef8            0x8           8   
      Total kseg0_program_mem used  :      0x1ef8        7928  1.5% of 0x80000

kseg0 Boot-Memory Usage
section                    address  length [bytes]      (dec)  Description
-------                 ----------  -------------------------  -----------
         Total kseg0_boot_mem used  :           0           0  <1% of 0x970

Exception-Memory Usage 
section                    address  length [bytes]      (dec)  Description
-------                 ----------  -------------------------  -----------
.app_excpt              0x9fc01180           0x10          16  General-Exception 
          Total exception_mem used  :        0x10          16  0.4% of 0x1000

kseg1 Boot-Memory Usage
section                    address  length [bytes]      (dec)  Description
-------                 ----------  -------------------------  -----------
.reset                  0xbfc00000          0x1f4         500  Reset handler 
.bev_excpt              0xbfc00380           0x10          16  BEV-Exception 
         Total kseg1_boot_mem used  :       0x204         516  44.2% of 0x490
        --------------------------------------------------------------------------
         Total Program Memory used  :      0x210c        8460  1.6% of 0x81e00
        --------------------------------------------------------------------------


kseg1 Data-Memory Usage
section                    address  length [bytes]      (dec)  Description
-------                 ----------  -------------------------  -----------
.eh_frame               0xa0000000           0x3c          60   
.sdata                  0xa000003c            0x8           8  Small init data 
.sbss                   0xa0000044            0x5           5  Small uninit data 
.bss                    0xa0000049            0x3           3  Uninitialized data 
.data                   0xa0000060           0xa0         160  Initialized data 
.bss                    0xa0000100           0x40          64  Uninitialized data 
         Total kseg1_data_mem used  :       0x12c         300  0.5% of 0x10000
        --------------------------------------------------------------------------
            Total Data Memory used  :       0x12c         300  0.5% of 0x10000
        --------------------------------------------------------------------------


Dynamic Data-Memory Reservation
section                    address  length [bytes]      (dec)  Description
-------                 ----------  -------------------------  -----------
heap                    0xa0000148              0           0  Reserved for heap 
stack                   0xa0000160         0xfe98       65176  Reserved for stack 

        --------------------------------------------------------------------------

Discarded input sections

 .reginfo       0x00000000       0x18 c:/program files (x86)/microchip/mplab c32 suite/bin/../lib/gcc/pic32mx/4.5.1/../../../../pic32mx/lib/crt0.o
 .pdr           0x00000000       0xa0 c:/program files (x86)/microchip/mplab c32 suite/bin/../lib/gcc/pic32mx/4.5.1/../../../../pic32mx/lib/crt0.o
 .reginfo       0x00000000       0x18 pic_master.o
 .pdr           0x00000000       0x80 pic_master.o
 .reginfo       0x00000000       0x18 c:/program files (x86)/microchip/mplab c32 suite/bin/../lib/gcc/pic32mx/4.5.1/../../../../pic32mx/lib\libc.a(general-exception.o)
 .pdr           0x00000000       0x20 c:/program files (x86)/microchip/mplab c32 suite/bin/../lib/gcc/pic32mx/4.5.1/../../../../pic32mx/lib\libc.a(general-exception.o)
 .reginfo       0x00000000       0x18 c:/program files (x86)/microchip/mplab c32 suite/bin/../lib/gcc/pic32mx/4.5.1/../../../../pic32mx/lib\libc.a(puts.o)
 .pdr           0x00000000       0x40 c:/program files (x86)/microchip/mplab c32 suite/bin/../lib/gcc/pic32mx/4.5.1/../../../../pic32mx/lib\libc.a(puts.o)
 .reginfo       0x00000000       0x18 c:/program files (x86)/microchip/mplab c32 suite/bin/../lib/gcc/pic32mx/4.5.1/../../../../pic32mx/lib\libc.a(printf_cdnopuxX.eo)
 .pdr           0x00000000       0x20 c:/program files (x86)/microchip/mplab c32 suite/bin/../lib/gcc/pic32mx/4.5.1/../../../../pic32mx/lib\libc.a(printf_cdnopuxX.eo)
 .reginfo       0x00000000       0x18 c:/program files (x86)/microchip/mplab c32 suite/bin/../lib/gcc/pic32mx/4.5.1/../../../../pic32mx/lib\libc.a(default-general-exception-handler.o)
 .pdr           0x00000000       0x20 c:/program files (x86)/microchip/mplab c32 suite/bin/../lib/gcc/pic32mx/4.5.1/../../../../pic32mx/lib\libc.a(default-general-exception-handler.o)
 .reginfo       0x00000000       0x18 c:/program files (x86)/microchip/mplab c32 suite/bin/../lib/gcc/pic32mx/4.5.1/../../../../pic32mx/lib\libc.a(default-bootstrap-exception-handler.o)
 .pdr           0x00000000       0x20 c:/program files (x86)/microchip/mplab c32 suite/bin/../lib/gcc/pic32mx/4.5.1/../../../../pic32mx/lib\libc.a(default-bootstrap-exception-handler.o)
 .reginfo       0x00000000       0x18 c:/program files (x86)/microchip/mplab c32 suite/bin/../lib/gcc/pic32mx/4.5.1/../../../../pic32mx/lib\libc.a(default-on-reset.o)
 .pdr           0x00000000       0x20 c:/program files (x86)/microchip/mplab c32 suite/bin/../lib/gcc/pic32mx/4.5.1/../../../../pic32mx/lib\libc.a(default-on-reset.o)
 .reginfo       0x00000000       0x18 c:/program files (x86)/microchip/mplab c32 suite/bin/../lib/gcc/pic32mx/4.5.1/../../../../pic32mx/lib\libc.a(default-on-bootstrap.o)
 .pdr           0x00000000       0x20 c:/program files (x86)/microchip/mplab c32 suite/bin/../lib/gcc/pic32mx/4.5.1/../../../../pic32mx/lib\libc.a(default-on-bootstrap.o)
 .reginfo       0x00000000       0x18 c:/program files (x86)/microchip/mplab c32 suite/bin/../lib/gcc/pic32mx/4.5.1/../../../../pic32mx/lib\libc.a(default-nmi-handler.o)
 .pdr           0x00000000       0x20 c:/program files (x86)/microchip/mplab c32 suite/bin/../lib/gcc/pic32mx/4.5.1/../../../../pic32mx/lib\libc.a(default-nmi-handler.o)
 .reginfo       0x00000000       0x18 c:/program files (x86)/microchip/mplab c32 suite/bin/../lib/gcc/pic32mx/4.5.1/../../../../pic32mx/lib\libc.a(_iob.o)
 .pdr           0x00000000        0x0 c:/program files (x86)/microchip/mplab c32 suite/bin/../lib/gcc/pic32mx/4.5.1/../../../../pic32mx/lib\libc.a(_iob.o)
 .reginfo       0x00000000       0x18 c:/program files (x86)/microchip/mplab c32 suite/bin/../lib/gcc/pic32mx/4.5.1/../../../../pic32mx/lib\libc.a(_fputc_simple.o)
 .pdr           0x00000000       0x20 c:/program files (x86)/microchip/mplab c32 suite/bin/../lib/gcc/pic32mx/4.5.1/../../../../pic32mx/lib\libc.a(_fputc_simple.o)
 .reginfo       0x00000000       0x18 c:/program files (x86)/microchip/mplab c32 suite/bin/../lib/gcc/pic32mx/4.5.1/../../../../pic32mx/lib\libc.a(doprnt_cdnopuxX.eo)
 .pdr           0x00000000       0x20 c:/program files (x86)/microchip/mplab c32 suite/bin/../lib/gcc/pic32mx/4.5.1/../../../../pic32mx/lib\libc.a(doprnt_cdnopuxX.eo)
 .reginfo       0x00000000       0x18 c:/program files (x86)/microchip/mplab c32 suite/bin/../lib/gcc/pic32mx/4.5.1/../../../../pic32mx/lib\libc.a(write.o)
 .pdr           0x00000000       0x20 c:/program files (x86)/microchip/mplab c32 suite/bin/../lib/gcc/pic32mx/4.5.1/../../../../pic32mx/lib\libc.a(write.o)
 .reginfo       0x00000000       0x18 c:/program files (x86)/microchip/mplab c32 suite/bin/../lib/gcc/pic32mx/4.5.1/../../../../pic32mx/lib\libc.a(_flsbuf_simple.o)
 .pdr           0x00000000       0x20 c:/program files (x86)/microchip/mplab c32 suite/bin/../lib/gcc/pic32mx/4.5.1/../../../../pic32mx/lib\libc.a(_flsbuf_simple.o)
 .reginfo       0x00000000       0x18 c:/program files (x86)/microchip/mplab c32 suite/bin/../lib/gcc/pic32mx/4.5.1/../../../../pic32mx/lib\libc.a(ctype.o)
 .pdr           0x00000000        0x0 c:/program files (x86)/microchip/mplab c32 suite/bin/../lib/gcc/pic32mx/4.5.1/../../../../pic32mx/lib\libc.a(ctype.o)
 .reginfo       0x00000000       0x18 c:/program files (x86)/microchip/mplab c32 suite/bin/../lib/gcc/pic32mx/4.5.1/../../../../pic32mx/lib\libc.a(_mon_putc.o)
 .pdr           0x00000000       0x20 c:/program files (x86)/microchip/mplab c32 suite/bin/../lib/gcc/pic32mx/4.5.1/../../../../pic32mx/lib\libc.a(_mon_putc.o)
 .reginfo       0x00000000       0x18 c:/program files (x86)/microchip/mplab c32 suite/bin/../lib/gcc/pic32mx/4.5.1/../../../../pic32mx/lib\libc.a(c32_uart.o)
 .pdr           0x00000000        0x0 c:/program files (x86)/microchip/mplab c32 suite/bin/../lib/gcc/pic32mx/4.5.1/../../../../pic32mx/lib\libc.a(c32_uart.o)
 .reginfo       0x00000000       0x18 c:/program files (x86)/microchip/mplab c32 suite/bin/../lib/gcc/pic32mx/4.5.1\libgcc.a(_udivdi3.o)
 .pdr           0x00000000       0x20 c:/program files (x86)/microchip/mplab c32 suite/bin/../lib/gcc/pic32mx/4.5.1\libgcc.a(_udivdi3.o)
 .reginfo       0x00000000       0x18 c:/program files (x86)/microchip/mplab c32 suite/bin/../lib/gcc/pic32mx/4.5.1\libgcc.a(_umoddi3.o)
 .pdr           0x00000000       0x20 c:/program files (x86)/microchip/mplab c32 suite/bin/../lib/gcc/pic32mx/4.5.1\libgcc.a(_umoddi3.o)
 .reginfo       0x00000000       0x18 c:/program files (x86)/microchip/mplab c32 suite/bin/../lib/gcc/pic32mx/4.5.1/../../../../pic32mx/lib/./proc/32MX675F512H\processor.o
 .pdr           0x00000000        0x0 c:/program files (x86)/microchip/mplab c32 suite/bin/../lib/gcc/pic32mx/4.5.1/../../../../pic32mx/lib/./proc/32MX675F512H\processor.o

Memory Configuration

Name             Origin             Length             Attributes
kseg0_program_mem 0x9d000000         0x00080000         xr
kseg0_boot_mem   0x9fc00490         0x00000970
exception_mem    0x9fc01000         0x00001000
kseg1_boot_mem   0xbfc00000         0x00000490
debug_exec_mem   0xbfc02000         0x00000ff0
config3          0xbfc02ff0         0x00000004
config2          0xbfc02ff4         0x00000004
config1          0xbfc02ff8         0x00000004
config0          0xbfc02ffc         0x00000004
kseg1_data_mem   0xa0000000         0x00010000         w !x
sfrs             0xbf800000         0x00100000
configsfrs       0xbfc02ff0         0x00000010
*default*        0x00000000         0xffffffff

Linker script and memory map

LOAD c:/program files (x86)/microchip/mplab c32 suite/bin/../lib/gcc/pic32mx/4.5.1/../../../../pic32mx/lib/crt0.o
LOAD pic_master.o
                0x00000001                __MPLAB_BUILD = 0x1
                0x00000001                __MPLAB_DEBUG = 0x1
LOAD c:/program files (x86)/microchip/mplab c32 suite/bin/../lib/gcc/pic32mx/4.5.1\libgcc.a
START GROUP
LOAD c:/program files (x86)/microchip/mplab c32 suite/bin/../lib/gcc/pic32mx/4.5.1/../../../../pic32mx/lib\libdebug.a
LOAD c:/program files (x86)/microchip/mplab c32 suite/bin/../lib/gcc/pic32mx/4.5.1/../../../../pic32mx/lib\libc.a
LOAD c:/program files (x86)/microchip/mplab c32 suite/bin/../lib/gcc/pic32mx/4.5.1/../../../../pic32mx/lib\libm.a
LOAD c:/program files (x86)/microchip/mplab c32 suite/bin/../lib/gcc/pic32mx/4.5.1/../../../../pic32mx/lib\libe.a
LOAD c:/program files (x86)/microchip/mplab c32 suite/bin/../lib/gcc/pic32mx/4.5.1/../../../../pic32mx/lib\libdsp.a
LOAD c:/program files (x86)/microchip/mplab c32 suite/bin/../lib/gcc/pic32mx/4.5.1/../../../../pic32mx/lib\libmchp_peripheral.a
LOAD c:/program files (x86)/microchip/mplab c32 suite/bin/../lib/gcc/pic32mx/4.5.1/../../../../pic32mx/lib\libmchp_peripheral_32MX675F512H.a
END GROUP
LOAD c:/program files (x86)/microchip/mplab c32 suite/bin/../lib/gcc/pic32mx/4.5.1\libgcc.a
                0x00000400                PROVIDE (_min_stack_size, 0x400)
                0x00000000                PROVIDE (_min_heap_size, 0x0)
LOAD c:/program files (x86)/microchip/mplab c32 suite/bin/../lib/gcc/pic32mx/4.5.1/../../../../pic32mx/lib/./proc/32MX675F512H\processor.o
                0x00000001                PROVIDE (_vector_spacing, 0x1)
                0x9fc01000                _ebase_address = 0x9fc01000
                0xbfc00000                _RESET_ADDR = 0xbfc00000
                0xbfc00380                _BEV_EXCPT_ADDR = 0xbfc00380
                0xbfc00480                _DBG_EXCPT_ADDR = 0xbfc00480
                0xbfc02000                _DBG_CODE_ADDR = 0xbfc02000
                0x00000ff0                _DBG_CODE_SIZE = 0xff0
                0x9fc01180                _GEN_EXCPT_ADDR = (_ebase_address + 0x180)

.config_BFC02FF0
 *(.config_BFC02FF0)

.config_BFC02FF4
 *(.config_BFC02FF4)

.config_BFC02FF8
 *(.config_BFC02FF8)

.config_BFC02FFC
 *(.config_BFC02FFC)
                0xbfc02000                PROVIDE (_DBG_CODE_ADDR, 0xbfc02000)
                0x00000ff0                PROVIDE (_DBG_CODE_SIZE, 0xff0)

.reset          0xbfc00000      0x1f4
 *(.reset)
 .reset         0xbfc00000       0x10 c:/program files (x86)/microchip/mplab c32 suite/bin/../lib/gcc/pic32mx/4.5.1/../../../../pic32mx/lib/crt0.o
                0xbfc00000                _reset
 *(.reset.startup)
 .reset.startup
                0xbfc00010      0x1e4 c:/program files (x86)/microchip/mplab c32 suite/bin/../lib/gcc/pic32mx/4.5.1/../../../../pic32mx/lib/crt0.o

.bev_excpt      0xbfc00380       0x10
 *(.bev_handler)
 .bev_handler   0xbfc00380       0x10 c:/program files (x86)/microchip/mplab c32 suite/bin/../lib/gcc/pic32mx/4.5.1/../../../../pic32mx/lib/crt0.o

.dbg_excpt      0xbfc00480        0x0
                0xbfc00480                . = (. + DEFINED (_DEBUGGER)?0x8:0x0)

.dbg_code       0xbfc02000        0x0
                0xbfc02000                . = (. + DEFINED (_DEBUGGER)?_DBG_CODE_SIZE:0x0)

.app_excpt      0x9fc01180       0x10
 *(.gen_handler)
 .gen_handler   0x9fc01180       0x10 c:/program files (x86)/microchip/mplab c32 suite/bin/../lib/gcc/pic32mx/4.5.1/../../../../pic32mx/lib/crt0.o

.vector_0       0x9fc01200        0x0
 *(.vector_0)
                0x00000001                ASSERT (((_vector_spacing == 0x0) || (SIZEOF (.vector_0) <= (_vector_spacing << 0x5))), function at exception vector 0 too large)

.vector_1       0x9fc01220        0x0
 *(.vector_1)
                0x00000001                ASSERT (((_vector_spacing == 0x0) || (SIZEOF (.vector_1) <= (_vector_spacing << 0x5))), function at exception vector 1 too large)

.vector_2       0x9fc01240        0x0
 *(.vector_2)
                0x00000001                ASSERT (((_vector_spacing == 0x0) || (SIZEOF (.vector_2) <= (_vector_spacing << 0x5))), function at exception vector 2 too large)

.vector_3       0x9fc01260        0x0
 *(.vector_3)
                0x00000001                ASSERT (((_vector_spacing == 0x0) || (SIZEOF (.vector_3) <= (_vector_spacing << 0x5))), function at exception vector 3 too large)

.vector_4       0x9fc01280        0x0
 *(.vector_4)
                0x00000001                ASSERT (((_vector_spacing == 0x0) || (SIZEOF (.vector_4) <= (_vector_spacing << 0x5))), function at exception vector 4 too large)

.vector_5       0x9fc012a0        0x0
 *(.vector_5)
                0x00000001                ASSERT (((_vector_spacing == 0x0) || (SIZEOF (.vector_5) <= (_vector_spacing << 0x5))), function at exception vector 5 too large)

.vector_6       0x9fc012c0        0x0
 *(.vector_6)
                0x00000001                ASSERT (((_vector_spacing == 0x0) || (SIZEOF (.vector_6) <= (_vector_spacing << 0x5))), function at exception vector 6 too large)

.vector_7       0x9fc012e0        0x0
 *(.vector_7)
                0x00000001                ASSERT (((_vector_spacing == 0x0) || (SIZEOF (.vector_7) <= (_vector_spacing << 0x5))), function at exception vector 7 too large)

.vector_8       0x9fc01300        0x0
 *(.vector_8)
                0x00000001                ASSERT (((_vector_spacing == 0x0) || (SIZEOF (.vector_8) <= (_vector_spacing << 0x5))), function at exception vector 8 too large)

.vector_9       0x9fc01320        0x0
 *(.vector_9)
                0x00000001                ASSERT (((_vector_spacing == 0x0) || (SIZEOF (.vector_9) <= (_vector_spacing << 0x5))), function at exception vector 9 too large)

.vector_10      0x9fc01340        0x0
 *(.vector_10)
                0x00000001                ASSERT (((_vector_spacing == 0x0) || (SIZEOF (.vector_10) <= (_vector_spacing << 0x5))), function at exception vector 10 too large)

.vector_11      0x9fc01360        0x0
 *(.vector_11)
                0x00000001                ASSERT (((_vector_spacing == 0x0) || (SIZEOF (.vector_11) <= (_vector_spacing << 0x5))), function at exception vector 11 too large)

.vector_12      0x9fc01380        0x0
 *(.vector_12)
                0x00000001                ASSERT (((_vector_spacing == 0x0) || (SIZEOF (.vector_12) <= (_vector_spacing << 0x5))), function at exception vector 12 too large)

.vector_13      0x9fc013a0        0x0
 *(.vector_13)
                0x00000001                ASSERT (((_vector_spacing == 0x0) || (SIZEOF (.vector_13) <= (_vector_spacing << 0x5))), function at exception vector 13 too large)

.vector_14      0x9fc013c0        0x0
 *(.vector_14)
                0x00000001                ASSERT (((_vector_spacing == 0x0) || (SIZEOF (.vector_14) <= (_vector_spacing << 0x5))), function at exception vector 14 too large)

.vector_15      0x9fc013e0        0x0
 *(.vector_15)
                0x00000001                ASSERT (((_vector_spacing == 0x0) || (SIZEOF (.vector_15) <= (_vector_spacing << 0x5))), function at exception vector 15 too large)

.vector_16      0x9fc01400        0x0
 *(.vector_16)
                0x00000001                ASSERT (((_vector_spacing == 0x0) || (SIZEOF (.vector_16) <= (_vector_spacing << 0x5))), function at exception vector 16 too large)

.vector_17      0x9fc01420        0x0
 *(.vector_17)
                0x00000001                ASSERT (((_vector_spacing == 0x0) || (SIZEOF (.vector_17) <= (_vector_spacing << 0x5))), function at exception vector 17 too large)

.vector_18      0x9fc01440        0x0
 *(.vector_18)
                0x00000001                ASSERT (((_vector_spacing == 0x0) || (SIZEOF (.vector_18) <= (_vector_spacing << 0x5))), function at exception vector 18 too large)

.vector_19      0x9fc01460        0x0
 *(.vector_19)
                0x00000001                ASSERT (((_vector_spacing == 0x0) || (SIZEOF (.vector_19) <= (_vector_spacing << 0x5))), function at exception vector 19 too large)

.vector_20      0x9fc01480        0x0
 *(.vector_20)
                0x00000001                ASSERT (((_vector_spacing == 0x0) || (SIZEOF (.vector_20) <= (_vector_spacing << 0x5))), function at exception vector 20 too large)

.vector_21      0x9fc014a0        0x0
 *(.vector_21)
                0x00000001                ASSERT (((_vector_spacing == 0x0) || (SIZEOF (.vector_21) <= (_vector_spacing << 0x5))), function at exception vector 21 too large)

.vector_22      0x9fc014c0        0x0
 *(.vector_22)
                0x00000001                ASSERT (((_vector_spacing == 0x0) || (SIZEOF (.vector_22) <= (_vector_spacing << 0x5))), function at exception vector 22 too large)

.vector_23      0x9fc014e0        0x0
 *(.vector_23)
                0x00000001                ASSERT (((_vector_spacing == 0x0) || (SIZEOF (.vector_23) <= (_vector_spacing << 0x5))), function at exception vector 23 too large)

.vector_24      0x9fc01500        0x0
 *(.vector_24)
                0x00000001                ASSERT (((_vector_spacing == 0x0) || (SIZEOF (.vector_24) <= (_vector_spacing << 0x5))), function at exception vector 24 too large)

.vector_25      0x9fc01520        0x0
 *(.vector_25)
                0x00000001                ASSERT (((_vector_spacing == 0x0) || (SIZEOF (.vector_25) <= (_vector_spacing << 0x5))), function at exception vector 25 too large)

.vector_26      0x9fc01540        0x0
 *(.vector_26)
                0x00000001                ASSERT (((_vector_spacing == 0x0) || (SIZEOF (.vector_26) <= (_vector_spacing << 0x5))), function at exception vector 26 too large)

.vector_27      0x9fc01560        0x0
 *(.vector_27)
                0x00000001                ASSERT (((_vector_spacing == 0x0) || (SIZEOF (.vector_27) <= (_vector_spacing << 0x5))), function at exception vector 27 too large)

.vector_28      0x9fc01580        0x0
 *(.vector_28)
                0x00000001                ASSERT (((_vector_spacing == 0x0) || (SIZEOF (.vector_28) <= (_vector_spacing << 0x5))), function at exception vector 28 too large)

.vector_29      0x9fc015a0        0x0
 *(.vector_29)
                0x00000001                ASSERT (((_vector_spacing == 0x0) || (SIZEOF (.vector_29) <= (_vector_spacing << 0x5))), function at exception vector 29 too large)

.vector_30      0x9fc015c0        0x0
 *(.vector_30)
                0x00000001                ASSERT (((_vector_spacing == 0x0) || (SIZEOF (.vector_30) <= (_vector_spacing << 0x5))), function at exception vector 30 too large)

.vector_31      0x9fc015e0        0x0
 *(.vector_31)
                0x00000001                ASSERT (((_vector_spacing == 0x0) || (SIZEOF (.vector_31) <= (_vector_spacing << 0x5))), function at exception vector 31 too large)

.vector_32      0x9fc01600        0x0
 *(.vector_32)
                0x00000001                ASSERT (((_vector_spacing == 0x0) || (SIZEOF (.vector_32) <= (_vector_spacing << 0x5))), function at exception vector 32 too large)

.vector_33      0x9fc01620        0x0
 *(.vector_33)
                0x00000001                ASSERT (((_vector_spacing == 0x0) || (SIZEOF (.vector_33) <= (_vector_spacing << 0x5))), function at exception vector 33 too large)

.vector_34      0x9fc01640        0x0
 *(.vector_34)
                0x00000001                ASSERT (((_vector_spacing == 0x0) || (SIZEOF (.vector_34) <= (_vector_spacing << 0x5))), function at exception vector 34 too large)

.vector_35      0x9fc01660        0x0
 *(.vector_35)
                0x00000001                ASSERT (((_vector_spacing == 0x0) || (SIZEOF (.vector_35) <= (_vector_spacing << 0x5))), function at exception vector 35 too large)

.vector_36      0x9fc01680        0x0
 *(.vector_36)
                0x00000001                ASSERT (((_vector_spacing == 0x0) || (SIZEOF (.vector_36) <= (_vector_spacing << 0x5))), function at exception vector 36 too large)

.vector_37      0x9fc016a0        0x0
 *(.vector_37)
                0x00000001                ASSERT (((_vector_spacing == 0x0) || (SIZEOF (.vector_37) <= (_vector_spacing << 0x5))), function at exception vector 37 too large)

.vector_38      0x9fc016c0        0x0
 *(.vector_38)
                0x00000001                ASSERT (((_vector_spacing == 0x0) || (SIZEOF (.vector_38) <= (_vector_spacing << 0x5))), function at exception vector 38 too large)

.vector_39      0x9fc016e0        0x0
 *(.vector_39)
                0x00000001                ASSERT (((_vector_spacing == 0x0) || (SIZEOF (.vector_39) <= (_vector_spacing << 0x5))), function at exception vector 39 too large)

.vector_40      0x9fc01700        0x0
 *(.vector_40)
                0x00000001                ASSERT (((_vector_spacing == 0x0) || (SIZEOF (.vector_40) <= (_vector_spacing << 0x5))), function at exception vector 40 too large)

.vector_41      0x9fc01720        0x0
 *(.vector_41)
                0x00000001                ASSERT (((_vector_spacing == 0x0) || (SIZEOF (.vector_41) <= (_vector_spacing << 0x5))), function at exception vector 41 too large)

.vector_42      0x9fc01740        0x0
 *(.vector_42)
                0x00000001                ASSERT (((_vector_spacing == 0x0) || (SIZEOF (.vector_42) <= (_vector_spacing << 0x5))), function at exception vector 42 too large)

.vector_43      0x9fc01760        0x0
 *(.vector_43)
                0x00000001                ASSERT (((_vector_spacing == 0x0) || (SIZEOF (.vector_43) <= (_vector_spacing << 0x5))), function at exception vector 43 too large)

.vector_44      0x9fc01780        0x0
 *(.vector_44)
                0x00000001                ASSERT (((_vector_spacing == 0x0) || (SIZEOF (.vector_44) <= (_vector_spacing << 0x5))), function at exception vector 44 too large)

.vector_45      0x9fc017a0        0x0
 *(.vector_45)
                0x00000001                ASSERT (((_vector_spacing == 0x0) || (SIZEOF (.vector_45) <= (_vector_spacing << 0x5))), function at exception vector 45 too large)

.vector_46      0x9fc017c0        0x0
 *(.vector_46)
                0x00000001                ASSERT (((_vector_spacing == 0x0) || (SIZEOF (.vector_46) <= (_vector_spacing << 0x5))), function at exception vector 46 too large)

.vector_47      0x9fc017e0        0x0
 *(.vector_47)
                0x00000001                ASSERT (((_vector_spacing == 0x0) || (SIZEOF (.vector_47) <= (_vector_spacing << 0x5))), function at exception vector 47 too large)

.vector_48      0x9fc01800        0x0
 *(.vector_48)
                0x00000001                ASSERT (((_vector_spacing == 0x0) || (SIZEOF (.vector_48) <= (_vector_spacing << 0x5))), function at exception vector 48 too large)

.vector_49      0x9fc01820        0x0
 *(.vector_49)
                0x00000001                ASSERT (((_vector_spacing == 0x0) || (SIZEOF (.vector_49) <= (_vector_spacing << 0x5))), function at exception vector 49 too large)

.vector_50      0x9fc01840        0x0
 *(.vector_50)
                0x00000001                ASSERT (((_vector_spacing == 0x0) || (SIZEOF (.vector_50) <= (_vector_spacing << 0x5))), function at exception vector 50 too large)

.vector_51      0x9fc01860        0x0
 *(.vector_51)
                0x00000001                ASSERT (((_vector_spacing == 0x0) || (SIZEOF (.vector_51) <= (_vector_spacing << 0x5))), function at exception vector 51 too large)

.vector_52      0x9fc01880        0x0
 *(.vector_52)
                0x00000001                ASSERT (((_vector_spacing == 0x0) || (SIZEOF (.vector_52) <= (_vector_spacing << 0x5))), function at exception vector 52 too large)

.vector_53      0x9fc018a0        0x0
 *(.vector_53)
                0x00000001                ASSERT (((_vector_spacing == 0x0) || (SIZEOF (.vector_53) <= (_vector_spacing << 0x5))), function at exception vector 53 too large)

.vector_54      0x9fc018c0        0x0
 *(.vector_54)
                0x00000001                ASSERT (((_vector_spacing == 0x0) || (SIZEOF (.vector_54) <= (_vector_spacing << 0x5))), function at exception vector 54 too large)

.vector_55      0x9fc018e0        0x0
 *(.vector_55)
                0x00000001                ASSERT (((_vector_spacing == 0x0) || (SIZEOF (.vector_55) <= (_vector_spacing << 0x5))), function at exception vector 55 too large)

.vector_56      0x9fc01900        0x0
 *(.vector_56)
                0x00000001                ASSERT (((_vector_spacing == 0x0) || (SIZEOF (.vector_56) <= (_vector_spacing << 0x5))), function at exception vector 56 too large)

.vector_57      0x9fc01920        0x0
 *(.vector_57)
                0x00000001                ASSERT (((_vector_spacing == 0x0) || (SIZEOF (.vector_57) <= (_vector_spacing << 0x5))), function at exception vector 57 too large)

.vector_58      0x9fc01940        0x0
 *(.vector_58)
                0x00000001                ASSERT (((_vector_spacing == 0x0) || (SIZEOF (.vector_58) <= (_vector_spacing << 0x5))), function at exception vector 58 too large)

.vector_59      0x9fc01960        0x0
 *(.vector_59)
                0x00000001                ASSERT (((_vector_spacing == 0x0) || (SIZEOF (.vector_59) <= (_vector_spacing << 0x5))), function at exception vector 59 too large)

.vector_60      0x9fc01980        0x0
 *(.vector_60)
                0x00000001                ASSERT (((_vector_spacing == 0x0) || (SIZEOF (.vector_60) <= (_vector_spacing << 0x5))), function at exception vector 60 too large)

.vector_61      0x9fc019a0        0x0
 *(.vector_61)
                0x00000001                ASSERT (((_vector_spacing == 0x0) || (SIZEOF (.vector_61) <= (_vector_spacing << 0x5))), function at exception vector 61 too large)

.vector_62      0x9fc019c0        0x0
 *(.vector_62)
                0x00000001                ASSERT (((_vector_spacing == 0x0) || (SIZEOF (.vector_62) <= (_vector_spacing << 0x5))), function at exception vector 62 too large)

.vector_63      0x9fc019e0        0x0
 *(.vector_63)
                0x00000001                ASSERT (((_vector_spacing == 0x0) || (SIZEOF (.vector_63) <= (_vector_spacing << 0x5))), function at exception vector 63 too large)

.startup
 *(.startup)

.text
 *(.stub .gnu.linkonce.t.*)
 *(.text.*personality*)
 *(.mips16.fn.*)
 *(.mips16.call.*)
 *(.gnu.warning)

.rodata         0x9d000000        0x0
 *(.rodata.* .gnu.linkonce.r.*)
 *(.rodata1)
                0x9d000000                . = ALIGN (0x4)

.sdata2         0x9fc00490        0x0
 *(.sdata2 .sdata2.* .gnu.linkonce.s2.*)
                0x9fc00490                . = ALIGN (0x4)

.sbss2          0x9fc00490        0x0
 *(.sbss2 .sbss2.* .gnu.linkonce.sb2.*)
                0x9fc00490                . = ALIGN (0x4)

.eh_frame_hdr
 *(.eh_frame_hdr)

.eh_frame
 *(.eh_frame)

.dbg_data       0xa0000000        0x0
                0xa0000000                . = (. + DEFINED (_DEBUGGER)?0x200:0x0)

.persist        0xa0000000        0x0
                0xa0000000                _persist_begin = .
 *(.persist .persist.*)
                0xa0000000                . = ALIGN (0x4)
                0xa0000000                _persist_end = .

.eh_frame       0xa0000000       0x3c
 *(.eh_frame)
 .eh_frame      0xa0000000       0x28 c:/program files (x86)/microchip/mplab c32 suite/bin/../lib/gcc/pic32mx/4.5.1\libgcc.a(_udivdi3.o)
 .eh_frame      0xa0000028       0x14 c:/program files (x86)/microchip/mplab c32 suite/bin/../lib/gcc/pic32mx/4.5.1\libgcc.a(_umoddi3.o)
                                 0x28 (size before relaxing)
                0xa000003c                . = .
                0xa0008030                _gp = (ALIGN (0x10) + 0x7ff0)

.got
 *(.got.plt)
 *(.got)

.sdata          0xa000003c        0x8
                0xa000003c                _sdata_begin = .
 *(.sdata .sdata.* .gnu.linkonce.s.*)
 .sdata         0xa000003c        0x4 c:/program files (x86)/microchip/mplab c32 suite/bin/../lib/gcc/pic32mx/4.5.1/../../../../pic32mx/lib\libc.a(_iob.o)
                0xa000003c                _Files
 .sdata         0xa0000040        0x4 c:/program files (x86)/microchip/mplab c32 suite/bin/../lib/gcc/pic32mx/4.5.1/../../../../pic32mx/lib\libc.a(c32_uart.o)
                0xa0000040                __C32_UART
                0xa0000044                _sdata_end = .

.lit8
 *(.lit8)

.lit4
 *(.lit4)
                0xa0000044                . = ALIGN (0x4)
                0xa0000044                _data_end = .
                0xa0000044                _bss_begin = .

.sbss           0xa0000044        0x5
                0xa0000044                _sbss_begin = .
 *(.dynsbss)
 *(.sbss .sbss.* .gnu.linkonce.sb.*)
 .sbss          0xa0000044        0x4 pic_master.o
                0xa0000044                Master_State
 .sbss          0xa0000048        0x1 c:/program files (x86)/microchip/mplab c32 suite/bin/../lib/gcc/pic32mx/4.5.1/../../../../pic32mx/lib\libc.a(_iob.o)
                0xa0000048                _outdone
 *(.scommon)
                0xa0000049                _sbss_end = .

.bss            0xa0000049        0x3
 *(.dynbss)
 *(COMMON)
                0xa000004c                . = ALIGN (0x4)
 *fill*         0xa0000049        0x3 00
                0xa000004c                . = ALIGN (0x4)
                0xa000004c                _end = .
                0xa000004c                _bss_end = .
                0x00010000                _bmxdudba_address = 0x10000
                0x00010000                _bmxdupba_address = 0x10000

/DISCARD/
 *(.pdr)
 *(.reginfo)
 *(.rel.dyn)
 *(.note.GNU-stack)
 *(.note.GNU-stack)
 *(.gnu_debuglink)
 *(.gnu.lto_*)
 *(.discard)

.stab
 *(.stab)

.stabstr
 *(.stabstr)

.stab.excl
 *(.stab.excl)

.stab.exclstr
 *(.stab.exclstr)

.stab.index
 *(.stab.index)

.stab.indexstr
 *(.stab.indexstr)

.comment        0x00000000       0x9f
 *(.comment)
 .comment       0x00000000       0x51 pic_master.o
                                 0x52 (size before relaxing)
 .comment       0x00000000       0x52 c:/program files (x86)/microchip/mplab c32 suite/bin/../lib/gcc/pic32mx/4.5.1/../../../../pic32mx/lib\libc.a(puts.o)
 .comment       0x00000000       0x52 c:/program files (x86)/microchip/mplab c32 suite/bin/../lib/gcc/pic32mx/4.5.1/../../../../pic32mx/lib\libc.a(printf_cdnopuxX.eo)
 .comment       0x00000000       0x52 c:/program files (x86)/microchip/mplab c32 suite/bin/../lib/gcc/pic32mx/4.5.1/../../../../pic32mx/lib\libc.a(default-general-exception-handler.o)
 .comment       0x00000000       0x52 c:/program files (x86)/microchip/mplab c32 suite/bin/../lib/gcc/pic32mx/4.5.1/../../../../pic32mx/lib\libc.a(default-bootstrap-exception-handler.o)
 .comment       0x00000000       0x52 c:/program files (x86)/microchip/mplab c32 suite/bin/../lib/gcc/pic32mx/4.5.1/../../../../pic32mx/lib\libc.a(default-on-reset.o)
 .comment       0x00000000       0x52 c:/program files (x86)/microchip/mplab c32 suite/bin/../lib/gcc/pic32mx/4.5.1/../../../../pic32mx/lib\libc.a(default-on-bootstrap.o)
 .comment       0x00000000       0x52 c:/program files (x86)/microchip/mplab c32 suite/bin/../lib/gcc/pic32mx/4.5.1/../../../../pic32mx/lib\libc.a(_iob.o)
 .comment       0x00000000       0x52 c:/program files (x86)/microchip/mplab c32 suite/bin/../lib/gcc/pic32mx/4.5.1/../../../../pic32mx/lib\libc.a(_fputc_simple.o)
 .comment       0x00000000       0x52 c:/program files (x86)/microchip/mplab c32 suite/bin/../lib/gcc/pic32mx/4.5.1/../../../../pic32mx/lib\libc.a(doprnt_cdnopuxX.eo)
 .comment       0x00000000       0x52 c:/program files (x86)/microchip/mplab c32 suite/bin/../lib/gcc/pic32mx/4.5.1/../../../../pic32mx/lib\libc.a(write.o)
 .comment       0x00000000       0x52 c:/program files (x86)/microchip/mplab c32 suite/bin/../lib/gcc/pic32mx/4.5.1/../../../../pic32mx/lib\libc.a(_flsbuf_simple.o)
 .comment       0x00000051       0x4e c:/program files (x86)/microchip/mplab c32 suite/bin/../lib/gcc/pic32mx/4.5.1/../../../../pic32mx/lib\libc.a(ctype.o)
                                 0xa0 (size before relaxing)
 .comment       0x00000000       0x52 c:/program files (x86)/microchip/mplab c32 suite/bin/../lib/gcc/pic32mx/4.5.1/../../../../pic32mx/lib\libc.a(_mon_putc.o)
 .comment       0x00000000       0x52 c:/program files (x86)/microchip/mplab c32 suite/bin/../lib/gcc/pic32mx/4.5.1/../../../../pic32mx/lib\libc.a(c32_uart.o)
 .comment       0x00000000       0x52 c:/program files (x86)/microchip/mplab c32 suite/bin/../lib/gcc/pic32mx/4.5.1\libgcc.a(_udivdi3.o)
 .comment       0x00000000       0x52 c:/program files (x86)/microchip/mplab c32 suite/bin/../lib/gcc/pic32mx/4.5.1\libgcc.a(_umoddi3.o)

.debug
 *(.debug)

.line
 *(.line)

.debug_srcinfo
 *(.debug_srcinfo)

.debug_sfnames
 *(.debug_sfnames)

.debug_aranges  0x00000000      0x1c8
 *(.debug_aranges)
 .debug_aranges
                0x00000000       0x20 pic_master.o
 .debug_aranges
                0x00000020       0x28 c:/program files (x86)/microchip/mplab c32 suite/bin/../lib/gcc/pic32mx/4.5.1/../../../../pic32mx/lib\libc.a(puts.o)
 .debug_aranges
                0x00000048       0x20 c:/program files (x86)/microchip/mplab c32 suite/bin/../lib/gcc/pic32mx/4.5.1/../../../../pic32mx/lib\libc.a(printf_cdnopuxX.eo)
 .debug_aranges
                0x00000068       0x20 c:/program files (x86)/microchip/mplab c32 suite/bin/../lib/gcc/pic32mx/4.5.1/../../../../pic32mx/lib\libc.a(default-general-exception-handler.o)
 .debug_aranges
                0x00000088       0x20 c:/program files (x86)/microchip/mplab c32 suite/bin/../lib/gcc/pic32mx/4.5.1/../../../../pic32mx/lib\libc.a(default-bootstrap-exception-handler.o)
 .debug_aranges
                0x000000a8       0x20 c:/program files (x86)/microchip/mplab c32 suite/bin/../lib/gcc/pic32mx/4.5.1/../../../../pic32mx/lib\libc.a(default-on-reset.o)
 .debug_aranges
                0x000000c8       0x20 c:/program files (x86)/microchip/mplab c32 suite/bin/../lib/gcc/pic32mx/4.5.1/../../../../pic32mx/lib\libc.a(default-on-bootstrap.o)
 .debug_aranges
                0x000000e8       0x20 c:/program files (x86)/microchip/mplab c32 suite/bin/../lib/gcc/pic32mx/4.5.1/../../../../pic32mx/lib\libc.a(_fputc_simple.o)
 .debug_aranges
                0x00000108       0x20 c:/program files (x86)/microchip/mplab c32 suite/bin/../lib/gcc/pic32mx/4.5.1/../../../../pic32mx/lib\libc.a(doprnt_cdnopuxX.eo)
 .debug_aranges
                0x00000128       0x20 c:/program files (x86)/microchip/mplab c32 suite/bin/../lib/gcc/pic32mx/4.5.1/../../../../pic32mx/lib\libc.a(write.o)
 .debug_aranges
                0x00000148       0x20 c:/program files (x86)/microchip/mplab c32 suite/bin/../lib/gcc/pic32mx/4.5.1/../../../../pic32mx/lib\libc.a(_flsbuf_simple.o)
 .debug_aranges
                0x00000168       0x20 c:/program files (x86)/microchip/mplab c32 suite/bin/../lib/gcc/pic32mx/4.5.1/../../../../pic32mx/lib\libc.a(_mon_putc.o)
 .debug_aranges
                0x00000188       0x20 c:/program files (x86)/microchip/mplab c32 suite/bin/../lib/gcc/pic32mx/4.5.1\libgcc.a(_udivdi3.o)
 .debug_aranges
                0x000001a8       0x20 c:/program files (x86)/microchip/mplab c32 suite/bin/../lib/gcc/pic32mx/4.5.1\libgcc.a(_umoddi3.o)

.debug_pubnames
                0x00000000      0x22d
 *(.debug_pubnames)
 .debug_pubnames
                0x00000000       0x5a pic_master.o
 .debug_pubnames
                0x0000005a       0x25 c:/program files (x86)/microchip/mplab c32 suite/bin/../lib/gcc/pic32mx/4.5.1/../../../../pic32mx/lib\libc.a(puts.o)
 .debug_pubnames
                0x0000007f       0x27 c:/program files (x86)/microchip/mplab c32 suite/bin/../lib/gcc/pic32mx/4.5.1/../../../../pic32mx/lib\libc.a(printf_cdnopuxX.eo)
 .debug_pubnames
                0x000000a6       0x31 c:/program files (x86)/microchip/mplab c32 suite/bin/../lib/gcc/pic32mx/4.5.1/../../../../pic32mx/lib\libc.a(default-general-exception-handler.o)
 .debug_pubnames
                0x000000d7       0x33 c:/program files (x86)/microchip/mplab c32 suite/bin/../lib/gcc/pic32mx/4.5.1/../../../../pic32mx/lib\libc.a(default-bootstrap-exception-handler.o)
 .debug_pubnames
                0x0000010a       0x20 c:/program files (x86)/microchip/mplab c32 suite/bin/../lib/gcc/pic32mx/4.5.1/../../../../pic32mx/lib\libc.a(default-on-reset.o)
 .debug_pubnames
                0x0000012a       0x24 c:/program files (x86)/microchip/mplab c32 suite/bin/../lib/gcc/pic32mx/4.5.1/../../../../pic32mx/lib\libc.a(default-on-bootstrap.o)
 .debug_pubnames
                0x0000014e       0x1c c:/program files (x86)/microchip/mplab c32 suite/bin/../lib/gcc/pic32mx/4.5.1/../../../../pic32mx/lib\libc.a(_fputc_simple.o)
 .debug_pubnames
                0x0000016a       0x29 c:/program files (x86)/microchip/mplab c32 suite/bin/../lib/gcc/pic32mx/4.5.1/../../../../pic32mx/lib\libc.a(doprnt_cdnopuxX.eo)
 .debug_pubnames
                0x00000193       0x1c c:/program files (x86)/microchip/mplab c32 suite/bin/../lib/gcc/pic32mx/4.5.1/../../../../pic32mx/lib\libc.a(write.o)
 .debug_pubnames
                0x000001af       0x1e c:/program files (x86)/microchip/mplab c32 suite/bin/../lib/gcc/pic32mx/4.5.1/../../../../pic32mx/lib\libc.a(_flsbuf_simple.o)
 .debug_pubnames
                0x000001cd       0x20 c:/program files (x86)/microchip/mplab c32 suite/bin/../lib/gcc/pic32mx/4.5.1/../../../../pic32mx/lib\libc.a(_mon_putc.o)
 .debug_pubnames
                0x000001ed       0x20 c:/program files (x86)/microchip/mplab c32 suite/bin/../lib/gcc/pic32mx/4.5.1\libgcc.a(_udivdi3.o)
 .debug_pubnames
                0x0000020d       0x20 c:/program files (x86)/microchip/mplab c32 suite/bin/../lib/gcc/pic32mx/4.5.1\libgcc.a(_umoddi3.o)

.debug_info     0x00000000     0x318b
 *(.debug_info .gnu.linkonce.wi.*)
 .debug_info    0x00000000     0x1877 pic_master.o
 .debug_info    0x00001877       0xe1 c:/program files (x86)/microchip/mplab c32 suite/bin/../lib/gcc/pic32mx/4.5.1/../../../../pic32mx/lib\libc.a(puts.o)
 .debug_info    0x00001958       0xe2 c:/program files (x86)/microchip/mplab c32 suite/bin/../lib/gcc/pic32mx/4.5.1/../../../../pic32mx/lib\libc.a(printf_cdnopuxX.eo)
 .debug_info    0x00001a3a      0x102 c:/program files (x86)/microchip/mplab c32 suite/bin/../lib/gcc/pic32mx/4.5.1/../../../../pic32mx/lib\libc.a(default-general-exception-handler.o)
 .debug_info    0x00001b3c      0x106 c:/program files (x86)/microchip/mplab c32 suite/bin/../lib/gcc/pic32mx/4.5.1/../../../../pic32mx/lib\libc.a(default-bootstrap-exception-handler.o)
 .debug_info    0x00001c42       0xe0 c:/program files (x86)/microchip/mplab c32 suite/bin/../lib/gcc/pic32mx/4.5.1/../../../../pic32mx/lib\libc.a(default-on-reset.o)
 .debug_info    0x00001d22       0xe8 c:/program files (x86)/microchip/mplab c32 suite/bin/../lib/gcc/pic32mx/4.5.1/../../../../pic32mx/lib\libc.a(default-on-bootstrap.o)
 .debug_info    0x00001e0a        0x0 c:/program files (x86)/microchip/mplab c32 suite/bin/../lib/gcc/pic32mx/4.5.1/../../../../pic32mx/lib\libc.a(_iob.o)
 .debug_info    0x00001e0a       0xd6 c:/program files (x86)/microchip/mplab c32 suite/bin/../lib/gcc/pic32mx/4.5.1/../../../../pic32mx/lib\libc.a(_fputc_simple.o)
 .debug_info    0x00001ee0       0xe5 c:/program files (x86)/microchip/mplab c32 suite/bin/../lib/gcc/pic32mx/4.5.1/../../../../pic32mx/lib\libc.a(doprnt_cdnopuxX.eo)
 .debug_info    0x00001fc5       0xd1 c:/program files (x86)/microchip/mplab c32 suite/bin/../lib/gcc/pic32mx/4.5.1/../../../../pic32mx/lib\libc.a(write.o)
 .debug_info    0x00002096       0xd9 c:/program files (x86)/microchip/mplab c32 suite/bin/../lib/gcc/pic32mx/4.5.1/../../../../pic32mx/lib\libc.a(_flsbuf_simple.o)
 .debug_info    0x0000216f        0x0 c:/program files (x86)/microchip/mplab c32 suite/bin/../lib/gcc/pic32mx/4.5.1/../../../../pic32mx/lib\libc.a(ctype.o)
 .debug_info    0x0000216f       0xd9 c:/program files (x86)/microchip/mplab c32 suite/bin/../lib/gcc/pic32mx/4.5.1/../../../../pic32mx/lib\libc.a(_mon_putc.o)
 .debug_info    0x00002248        0x0 c:/program files (x86)/microchip/mplab c32 suite/bin/../lib/gcc/pic32mx/4.5.1/../../../../pic32mx/lib\libc.a(c32_uart.o)
 .debug_info    0x00002248      0x783 c:/program files (x86)/microchip/mplab c32 suite/bin/../lib/gcc/pic32mx/4.5.1\libgcc.a(_udivdi3.o)
 .debug_info    0x000029cb      0x7c0 c:/program files (x86)/microchip/mplab c32 suite/bin/../lib/gcc/pic32mx/4.5.1\libgcc.a(_umoddi3.o)

.debug_abbrev   0x00000000      0x63a
 *(.debug_abbrev)
 .debug_abbrev  0x00000000      0x1ff pic_master.o
 .debug_abbrev  0x000001ff       0x25 c:/program files (x86)/microchip/mplab c32 suite/bin/../lib/gcc/pic32mx/4.5.1/../../../../pic32mx/lib\libc.a(puts.o)
 .debug_abbrev  0x00000224       0x27 c:/program files (x86)/microchip/mplab c32 suite/bin/../lib/gcc/pic32mx/4.5.1/../../../../pic32mx/lib\libc.a(printf_cdnopuxX.eo)
 .debug_abbrev  0x0000024b       0x25 c:/program files (x86)/microchip/mplab c32 suite/bin/../lib/gcc/pic32mx/4.5.1/../../../../pic32mx/lib\libc.a(default-general-exception-handler.o)
 .debug_abbrev  0x00000270       0x25 c:/program files (x86)/microchip/mplab c32 suite/bin/../lib/gcc/pic32mx/4.5.1/../../../../pic32mx/lib\libc.a(default-bootstrap-exception-handler.o)
 .debug_abbrev  0x00000295       0x25 c:/program files (x86)/microchip/mplab c32 suite/bin/../lib/gcc/pic32mx/4.5.1/../../../../pic32mx/lib\libc.a(default-on-reset.o)
 .debug_abbrev  0x000002ba       0x25 c:/program files (x86)/microchip/mplab c32 suite/bin/../lib/gcc/pic32mx/4.5.1/../../../../pic32mx/lib\libc.a(default-on-bootstrap.o)
 .debug_abbrev  0x000002df        0x1 c:/program files (x86)/microchip/mplab c32 suite/bin/../lib/gcc/pic32mx/4.5.1/../../../../pic32mx/lib\libc.a(_iob.o)
 .debug_abbrev  0x000002e0       0x27 c:/program files (x86)/microchip/mplab c32 suite/bin/../lib/gcc/pic32mx/4.5.1/../../../../pic32mx/lib\libc.a(_fputc_simple.o)
 .debug_abbrev  0x00000307       0x27 c:/program files (x86)/microchip/mplab c32 suite/bin/../lib/gcc/pic32mx/4.5.1/../../../../pic32mx/lib\libc.a(doprnt_cdnopuxX.eo)
 .debug_abbrev  0x0000032e       0x25 c:/program files (x86)/microchip/mplab c32 suite/bin/../lib/gcc/pic32mx/4.5.1/../../../../pic32mx/lib\libc.a(write.o)
 .debug_abbrev  0x00000353       0x27 c:/program files (x86)/microchip/mplab c32 suite/bin/../lib/gcc/pic32mx/4.5.1/../../../../pic32mx/lib\libc.a(_flsbuf_simple.o)
 .debug_abbrev  0x0000037a        0x1 c:/program files (x86)/microchip/mplab c32 suite/bin/../lib/gcc/pic32mx/4.5.1/../../../../pic32mx/lib\libc.a(ctype.o)
 .debug_abbrev  0x0000037b       0x25 c:/program files (x86)/microchip/mplab c32 suite/bin/../lib/gcc/pic32mx/4.5.1/../../../../pic32mx/lib\libc.a(_mon_putc.o)
 .debug_abbrev  0x000003a0        0x1 c:/program files (x86)/microchip/mplab c32 suite/bin/../lib/gcc/pic32mx/4.5.1/../../../../pic32mx/lib\libc.a(c32_uart.o)
 .debug_abbrev  0x000003a1      0x13d c:/program files (x86)/microchip/mplab c32 suite/bin/../lib/gcc/pic32mx/4.5.1\libgcc.a(_udivdi3.o)
 .debug_abbrev  0x000004de      0x15c c:/program files (x86)/microchip/mplab c32 suite/bin/../lib/gcc/pic32mx/4.5.1\libgcc.a(_umoddi3.o)

.debug_line     0x00000000      0x901
 *(.debug_line)
 .debug_line    0x00000000      0x1fb pic_master.o
 .debug_line    0x000001fb       0x85 c:/program files (x86)/microchip/mplab c32 suite/bin/../lib/gcc/pic32mx/4.5.1/../../../../pic32mx/lib\libc.a(puts.o)
 .debug_line    0x00000280       0x30 c:/program files (x86)/microchip/mplab c32 suite/bin/../lib/gcc/pic32mx/4.5.1/../../../../pic32mx/lib\libc.a(printf_cdnopuxX.eo)
 .debug_line    0x000002b0       0xa4 c:/program files (x86)/microchip/mplab c32 suite/bin/../lib/gcc/pic32mx/4.5.1/../../../../pic32mx/lib\libc.a(default-general-exception-handler.o)
 .debug_line    0x00000354       0xa6 c:/program files (x86)/microchip/mplab c32 suite/bin/../lib/gcc/pic32mx/4.5.1/../../../../pic32mx/lib\libc.a(default-bootstrap-exception-handler.o)
 .debug_line    0x000003fa       0x93 c:/program files (x86)/microchip/mplab c32 suite/bin/../lib/gcc/pic32mx/4.5.1/../../../../pic32mx/lib\libc.a(default-on-reset.o)
 .debug_line    0x0000048d       0x97 c:/program files (x86)/microchip/mplab c32 suite/bin/../lib/gcc/pic32mx/4.5.1/../../../../pic32mx/lib\libc.a(default-on-bootstrap.o)
 .debug_line    0x00000524        0x0 c:/program files (x86)/microchip/mplab c32 suite/bin/../lib/gcc/pic32mx/4.5.1/../../../../pic32mx/lib\libc.a(_iob.o)
 .debug_line    0x00000524       0x2f c:/program files (x86)/microchip/mplab c32 suite/bin/../lib/gcc/pic32mx/4.5.1/../../../../pic32mx/lib\libc.a(_fputc_simple.o)
 .debug_line    0x00000553       0x30 c:/program files (x86)/microchip/mplab c32 suite/bin/../lib/gcc/pic32mx/4.5.1/../../../../pic32mx/lib\libc.a(doprnt_cdnopuxX.eo)
 .debug_line    0x00000583       0x88 c:/program files (x86)/microchip/mplab c32 suite/bin/../lib/gcc/pic32mx/4.5.1/../../../../pic32mx/lib\libc.a(write.o)
 .debug_line    0x0000060b       0x30 c:/program files (x86)/microchip/mplab c32 suite/bin/../lib/gcc/pic32mx/4.5.1/../../../../pic32mx/lib\libc.a(_flsbuf_simple.o)
 .debug_line    0x0000063b        0x0 c:/program files (x86)/microchip/mplab c32 suite/bin/../lib/gcc/pic32mx/4.5.1/../../../../pic32mx/lib\libc.a(ctype.o)
 .debug_line    0x0000063b       0x8c c:/program files (x86)/microchip/mplab c32 suite/bin/../lib/gcc/pic32mx/4.5.1/../../../../pic32mx/lib\libc.a(_mon_putc.o)
 .debug_line    0x000006c7        0x0 c:/program files (x86)/microchip/mplab c32 suite/bin/../lib/gcc/pic32mx/4.5.1/../../../../pic32mx/lib\libc.a(c32_uart.o)
 .debug_line    0x000006c7      0x112 c:/program files (x86)/microchip/mplab c32 suite/bin/../lib/gcc/pic32mx/4.5.1\libgcc.a(_udivdi3.o)
 .debug_line    0x000007d9      0x128 c:/program files (x86)/microchip/mplab c32 suite/bin/../lib/gcc/pic32mx/4.5.1\libgcc.a(_umoddi3.o)

.debug_frame    0x00000000      0x238
 *(.debug_frame)
 .debug_frame   0x00000000       0x74 pic_master.o
 .debug_frame   0x00000074       0x48 c:/program files (x86)/microchip/mplab c32 suite/bin/../lib/gcc/pic32mx/4.5.1/../../../../pic32mx/lib\libc.a(puts.o)
 .debug_frame   0x000000bc       0x28 c:/program files (x86)/microchip/mplab c32 suite/bin/../lib/gcc/pic32mx/4.5.1/../../../../pic32mx/lib\libc.a(printf_cdnopuxX.eo)
 .debug_frame   0x000000e4       0x20 c:/program files (x86)/microchip/mplab c32 suite/bin/../lib/gcc/pic32mx/4.5.1/../../../../pic32mx/lib\libc.a(default-general-exception-handler.o)
 .debug_frame   0x00000104       0x20 c:/program files (x86)/microchip/mplab c32 suite/bin/../lib/gcc/pic32mx/4.5.1/../../../../pic32mx/lib\libc.a(default-bootstrap-exception-handler.o)
 .debug_frame   0x00000124       0x20 c:/program files (x86)/microchip/mplab c32 suite/bin/../lib/gcc/pic32mx/4.5.1/../../../../pic32mx/lib\libc.a(default-on-reset.o)
 .debug_frame   0x00000144       0x20 c:/program files (x86)/microchip/mplab c32 suite/bin/../lib/gcc/pic32mx/4.5.1/../../../../pic32mx/lib\libc.a(default-on-bootstrap.o)
 .debug_frame   0x00000164       0x2c c:/program files (x86)/microchip/mplab c32 suite/bin/../lib/gcc/pic32mx/4.5.1/../../../../pic32mx/lib\libc.a(_fputc_simple.o)
 .debug_frame   0x00000190       0x38 c:/program files (x86)/microchip/mplab c32 suite/bin/../lib/gcc/pic32mx/4.5.1/../../../../pic32mx/lib\libc.a(doprnt_cdnopuxX.eo)
 .debug_frame   0x000001c8       0x28 c:/program files (x86)/microchip/mplab c32 suite/bin/../lib/gcc/pic32mx/4.5.1/../../../../pic32mx/lib\libc.a(write.o)
 .debug_frame   0x000001f0       0x28 c:/program files (x86)/microchip/mplab c32 suite/bin/../lib/gcc/pic32mx/4.5.1/../../../../pic32mx/lib\libc.a(_flsbuf_simple.o)
 .debug_frame   0x00000218       0x20 c:/program files (x86)/microchip/mplab c32 suite/bin/../lib/gcc/pic32mx/4.5.1/../../../../pic32mx/lib\libc.a(_mon_putc.o)

.debug_str      0x00000000      0x165
 *(.debug_str)
 .debug_str     0x00000000      0x165 pic_master.o
 .debug_str     0x00000165        0x0 c:/program files (x86)/microchip/mplab c32 suite/bin/../lib/gcc/pic32mx/4.5.1/../../../../pic32mx/lib\libc.a(puts.o)
 .debug_str     0x00000165        0x0 c:/program files (x86)/microchip/mplab c32 suite/bin/../lib/gcc/pic32mx/4.5.1/../../../../pic32mx/lib\libc.a(printf_cdnopuxX.eo)
 .debug_str     0x00000165        0x0 c:/program files (x86)/microchip/mplab c32 suite/bin/../lib/gcc/pic32mx/4.5.1/../../../../pic32mx/lib\libc.a(default-general-exception-handler.o)
 .debug_str     0x00000165        0x0 c:/program files (x86)/microchip/mplab c32 suite/bin/../lib/gcc/pic32mx/4.5.1/../../../../pic32mx/lib\libc.a(default-bootstrap-exception-handler.o)
 .debug_str     0x00000165        0x0 c:/program files (x86)/microchip/mplab c32 suite/bin/../lib/gcc/pic32mx/4.5.1/../../../../pic32mx/lib\libc.a(default-on-reset.o)
 .debug_str     0x00000165        0x0 c:/program files (x86)/microchip/mplab c32 suite/bin/../lib/gcc/pic32mx/4.5.1/../../../../pic32mx/lib\libc.a(default-on-bootstrap.o)
 .debug_str     0x00000165        0x0 c:/program files (x86)/microchip/mplab c32 suite/bin/../lib/gcc/pic32mx/4.5.1/../../../../pic32mx/lib\libc.a(_iob.o)
 .debug_str     0x00000165        0x0 c:/program files (x86)/microchip/mplab c32 suite/bin/../lib/gcc/pic32mx/4.5.1/../../../../pic32mx/lib\libc.a(_fputc_simple.o)
 .debug_str     0x00000165        0x0 c:/program files (x86)/microchip/mplab c32 suite/bin/../lib/gcc/pic32mx/4.5.1/../../../../pic32mx/lib\libc.a(doprnt_cdnopuxX.eo)
 .debug_str     0x00000165        0x0 c:/program files (x86)/microchip/mplab c32 suite/bin/../lib/gcc/pic32mx/4.5.1/../../../../pic32mx/lib\libc.a(write.o)
 .debug_str     0x00000165        0x0 c:/program files (x86)/microchip/mplab c32 suite/bin/../lib/gcc/pic32mx/4.5.1/../../../../pic32mx/lib\libc.a(_flsbuf_simple.o)
 .debug_str     0x00000165        0x0 c:/program files (x86)/microchip/mplab c32 suite/bin/../lib/gcc/pic32mx/4.5.1/../../../../pic32mx/lib\libc.a(ctype.o)
 .debug_str     0x00000165        0x0 c:/program files (x86)/microchip/mplab c32 suite/bin/../lib/gcc/pic32mx/4.5.1/../../../../pic32mx/lib\libc.a(_mon_putc.o)
 .debug_str     0x00000165        0x0 c:/program files (x86)/microchip/mplab c32 suite/bin/../lib/gcc/pic32mx/4.5.1/../../../../pic32mx/lib\libc.a(c32_uart.o)
 .debug_str     0x00000165        0x0 c:/program files (x86)/microchip/mplab c32 suite/bin/../lib/gcc/pic32mx/4.5.1\libgcc.a(_udivdi3.o)
 .debug_str     0x00000165        0x0 c:/program files (x86)/microchip/mplab c32 suite/bin/../lib/gcc/pic32mx/4.5.1\libgcc.a(_umoddi3.o)

.debug_loc      0x00000000     0x1464
 *(.debug_loc)
 .debug_loc     0x00000000      0xa47 c:/program files (x86)/microchip/mplab c32 suite/bin/../lib/gcc/pic32mx/4.5.1\libgcc.a(_udivdi3.o)
 .debug_loc     0x00000a47      0xa1d c:/program files (x86)/microchip/mplab c32 suite/bin/../lib/gcc/pic32mx/4.5.1\libgcc.a(_umoddi3.o)

.debug_macinfo
 *(.debug_macinfo)

.debug_weaknames
 *(.debug_weaknames)

.debug_funcnames
 *(.debug_funcnames)

.debug_typenames
 *(.debug_typenames)

.debug_varnames
 *(.debug_varnames)

.debug_pubtypes
                0x00000000      0x1e9
 *(.debug_pubtypes)
 .debug_pubtypes
                0x00000000      0x137 pic_master.o
 .debug_pubtypes
                0x00000137       0x59 c:/program files (x86)/microchip/mplab c32 suite/bin/../lib/gcc/pic32mx/4.5.1\libgcc.a(_udivdi3.o)
 .debug_pubtypes
                0x00000190       0x59 c:/program files (x86)/microchip/mplab c32 suite/bin/../lib/gcc/pic32mx/4.5.1\libgcc.a(_umoddi3.o)

.debug_ranges   0x00000000      0x270
 *(.debug_ranges)
 .debug_ranges  0x00000000       0x18 c:/program files (x86)/microchip/mplab c32 suite/bin/../lib/gcc/pic32mx/4.5.1/../../../../pic32mx/lib\libc.a(puts.o)
 .debug_ranges  0x00000018       0x10 c:/program files (x86)/microchip/mplab c32 suite/bin/../lib/gcc/pic32mx/4.5.1/../../../../pic32mx/lib\libc.a(printf_cdnopuxX.eo)
 .debug_ranges  0x00000028       0x10 c:/program files (x86)/microchip/mplab c32 suite/bin/../lib/gcc/pic32mx/4.5.1/../../../../pic32mx/lib\libc.a(default-general-exception-handler.o)
 .debug_ranges  0x00000038       0x10 c:/program files (x86)/microchip/mplab c32 suite/bin/../lib/gcc/pic32mx/4.5.1/../../../../pic32mx/lib\libc.a(default-bootstrap-exception-handler.o)
 .debug_ranges  0x00000048       0x10 c:/program files (x86)/microchip/mplab c32 suite/bin/../lib/gcc/pic32mx/4.5.1/../../../../pic32mx/lib\libc.a(default-on-reset.o)
 .debug_ranges  0x00000058       0x10 c:/program files (x86)/microchip/mplab c32 suite/bin/../lib/gcc/pic32mx/4.5.1/../../../../pic32mx/lib\libc.a(default-on-bootstrap.o)
 .debug_ranges  0x00000068       0x10 c:/program files (x86)/microchip/mplab c32 suite/bin/../lib/gcc/pic32mx/4.5.1/../../../../pic32mx/lib\libc.a(_fputc_simple.o)
 .debug_ranges  0x00000078       0x10 c:/program files (x86)/microchip/mplab c32 suite/bin/../lib/gcc/pic32mx/4.5.1/../../../../pic32mx/lib\libc.a(doprnt_cdnopuxX.eo)
 .debug_ranges  0x00000088       0x10 c:/program files (x86)/microchip/mplab c32 suite/bin/../lib/gcc/pic32mx/4.5.1/../../../../pic32mx/lib\libc.a(write.o)
 .debug_ranges  0x00000098       0x10 c:/program files (x86)/microchip/mplab c32 suite/bin/../lib/gcc/pic32mx/4.5.1/../../../../pic32mx/lib\libc.a(_flsbuf_simple.o)
 .debug_ranges  0x000000a8       0x10 c:/program files (x86)/microchip/mplab c32 suite/bin/../lib/gcc/pic32mx/4.5.1/../../../../pic32mx/lib\libc.a(_mon_putc.o)
 .debug_ranges  0x000000b8       0xc0 c:/program files (x86)/microchip/mplab c32 suite/bin/../lib/gcc/pic32mx/4.5.1\libgcc.a(_udivdi3.o)
 .debug_ranges  0x00000178       0xf8 c:/program files (x86)/microchip/mplab c32 suite/bin/../lib/gcc/pic32mx/4.5.1\libgcc.a(_umoddi3.o)

.gnu.attributes
                0x00000000       0x10
 *(.gnu.attributes)
 .gnu.attributes
                0x00000000       0x10 pic_master.o
 .gnu.attributes
                0x00000010       0x10 c:/program files (x86)/microchip/mplab c32 suite/bin/../lib/gcc/pic32mx/4.5.1/../../../../pic32mx/lib\libc.a(puts.o)
 .gnu.attributes
                0x00000020       0x10 c:/program files (x86)/microchip/mplab c32 suite/bin/../lib/gcc/pic32mx/4.5.1/../../../../pic32mx/lib\libc.a(printf_cdnopuxX.eo)
 .gnu.attributes
                0x00000030       0x10 c:/program files (x86)/microchip/mplab c32 suite/bin/../lib/gcc/pic32mx/4.5.1/../../../../pic32mx/lib\libc.a(default-general-exception-handler.o)
 .gnu.attributes
                0x00000040       0x10 c:/program files (x86)/microchip/mplab c32 suite/bin/../lib/gcc/pic32mx/4.5.1/../../../../pic32mx/lib\libc.a(default-bootstrap-exception-handler.o)
 .gnu.attributes
                0x00000050       0x10 c:/program files (x86)/microchip/mplab c32 suite/bin/../lib/gcc/pic32mx/4.5.1/../../../../pic32mx/lib\libc.a(default-on-reset.o)
 .gnu.attributes
                0x00000060       0x10 c:/program files (x86)/microchip/mplab c32 suite/bin/../lib/gcc/pic32mx/4.5.1/../../../../pic32mx/lib\libc.a(default-on-bootstrap.o)
 .gnu.attributes
                0x00000070       0x10 c:/program files (x86)/microchip/mplab c32 suite/bin/../lib/gcc/pic32mx/4.5.1/../../../../pic32mx/lib\libc.a(_iob.o)
 .gnu.attributes
                0x00000080       0x10 c:/program files (x86)/microchip/mplab c32 suite/bin/../lib/gcc/pic32mx/4.5.1/../../../../pic32mx/lib\libc.a(_fputc_simple.o)
 .gnu.attributes
                0x00000090       0x10 c:/program files (x86)/microchip/mplab c32 suite/bin/../lib/gcc/pic32mx/4.5.1/../../../../pic32mx/lib\libc.a(doprnt_cdnopuxX.eo)
 .gnu.attributes
                0x000000a0       0x10 c:/program files (x86)/microchip/mplab c32 suite/bin/../lib/gcc/pic32mx/4.5.1/../../../../pic32mx/lib\libc.a(write.o)
 .gnu.attributes
                0x000000b0       0x10 c:/program files (x86)/microchip/mplab c32 suite/bin/../lib/gcc/pic32mx/4.5.1/../../../../pic32mx/lib\libc.a(_flsbuf_simple.o)
 .gnu.attributes
                0x000000c0       0x10 c:/program files (x86)/microchip/mplab c32 suite/bin/../lib/gcc/pic32mx/4.5.1/../../../../pic32mx/lib\libc.a(ctype.o)
 .gnu.attributes
                0x000000d0       0x10 c:/program files (x86)/microchip/mplab c32 suite/bin/../lib/gcc/pic32mx/4.5.1/../../../../pic32mx/lib\libc.a(_mon_putc.o)
 .gnu.attributes
                0x000000e0       0x10 c:/program files (x86)/microchip/mplab c32 suite/bin/../lib/gcc/pic32mx/4.5.1/../../../../pic32mx/lib\libc.a(c32_uart.o)
 .gnu.attributes
                0x000000f0       0x10 c:/program files (x86)/microchip/mplab c32 suite/bin/../lib/gcc/pic32mx/4.5.1\libgcc.a(_udivdi3.o)
 .gnu.attributes
                0x00000100       0x10 c:/program files (x86)/microchip/mplab c32 suite/bin/../lib/gcc/pic32mx/4.5.1\libgcc.a(_umoddi3.o)
OUTPUT(pic_master.elf elf32-tradlittlemips)
LOAD stack
LOAD data_init

.stack          0xa0000160      0x400
 .stack         0xa0000160      0x400 stack

.data           0xa0000060       0xa0
 .data          0xa0000060       0xa0 c:/program files (x86)/microchip/mplab c32 suite/bin/../lib/gcc/pic32mx/4.5.1/../../../../pic32mx/lib\libc.a(_iob.o)
                0xa0000060                _iob

.bss            0xa0000100       0x40
 .bss           0xa0000100       0x40 c:/program files (x86)/microchip/mplab c32 suite/bin/../lib/gcc/pic32mx/4.5.1/../../../../pic32mx/lib\libc.a(_iob.o)
                0xa0000100                _sibuf
                0xa0000120                _sobuf

.bss%z1         0x00000000        0x0
 .bss           0x00000000        0x0 c:/program files (x86)/microchip/mplab c32 suite/bin/../lib/gcc/pic32mx/4.5.1/../../../../pic32mx/lib/./proc/32MX675F512H\processor.o

.data%z2        0x00000000        0x0
 .data          0x00000000        0x0 c:/program files (x86)/microchip/mplab c32 suite/bin/../lib/gcc/pic32mx/4.5.1/../../../../pic32mx/lib/./proc/32MX675F512H\processor.o

.mdebug.abi32%z3
                0x00000000        0x0
 .mdebug.abi32  0x00000000        0x0 c:/program files (x86)/microchip/mplab c32 suite/bin/../lib/gcc/pic32mx/4.5.1\libgcc.a(_umoddi3.o)

.bss%z4         0x00000000        0x0
 .bss           0x00000000        0x0 c:/program files (x86)/microchip/mplab c32 suite/bin/../lib/gcc/pic32mx/4.5.1\libgcc.a(_umoddi3.o)

.data%z5        0x00000000        0x0
 .data          0x00000000        0x0 c:/program files (x86)/microchip/mplab c32 suite/bin/../lib/gcc/pic32mx/4.5.1\libgcc.a(_umoddi3.o)

.mdebug.abi32%z6
                0x00000000        0x0
 .mdebug.abi32  0x00000000        0x0 c:/program files (x86)/microchip/mplab c32 suite/bin/../lib/gcc/pic32mx/4.5.1\libgcc.a(_udivdi3.o)

.bss%z7         0x00000000        0x0
 .bss           0x00000000        0x0 c:/program files (x86)/microchip/mplab c32 suite/bin/../lib/gcc/pic32mx/4.5.1\libgcc.a(_udivdi3.o)

.data%z8        0x00000000        0x0
 .data          0x00000000        0x0 c:/program files (x86)/microchip/mplab c32 suite/bin/../lib/gcc/pic32mx/4.5.1\libgcc.a(_udivdi3.o)

.mdebug.abi32%z9
                0x00000000        0x0
 .mdebug.abi32  0x00000000        0x0 c:/program files (x86)/microchip/mplab c32 suite/bin/../lib/gcc/pic32mx/4.5.1/../../../../pic32mx/lib\libc.a(c32_uart.o)

.bss%z10        0x00000000        0x0
 .bss           0x00000000        0x0 c:/program files (x86)/microchip/mplab c32 suite/bin/../lib/gcc/pic32mx/4.5.1/../../../../pic32mx/lib\libc.a(c32_uart.o)

.data%z11       0x00000000        0x0
 .data          0x00000000        0x0 c:/program files (x86)/microchip/mplab c32 suite/bin/../lib/gcc/pic32mx/4.5.1/../../../../pic32mx/lib\libc.a(c32_uart.o)

.mdebug.abi32%z12
                0x00000000        0x0
 .mdebug.abi32  0x00000000        0x0 c:/program files (x86)/microchip/mplab c32 suite/bin/../lib/gcc/pic32mx/4.5.1/../../../../pic32mx/lib\libc.a(_mon_putc.o)

.bss%z13        0x00000000        0x0
 .bss           0x00000000        0x0 c:/program files (x86)/microchip/mplab c32 suite/bin/../lib/gcc/pic32mx/4.5.1/../../../../pic32mx/lib\libc.a(_mon_putc.o)

.data%z14       0x00000000        0x0
 .data          0x00000000        0x0 c:/program files (x86)/microchip/mplab c32 suite/bin/../lib/gcc/pic32mx/4.5.1/../../../../pic32mx/lib\libc.a(_mon_putc.o)

.mdebug.abi32%z15
                0x00000000        0x0
 .mdebug.abi32  0x00000000        0x0 c:/program files (x86)/microchip/mplab c32 suite/bin/../lib/gcc/pic32mx/4.5.1/../../../../pic32mx/lib\libc.a(ctype.o)

.bss%z16        0x00000000        0x0
 .bss           0x00000000        0x0 c:/program files (x86)/microchip/mplab c32 suite/bin/../lib/gcc/pic32mx/4.5.1/../../../../pic32mx/lib\libc.a(ctype.o)

.data%z17       0x00000000        0x0
 .data          0x00000000        0x0 c:/program files (x86)/microchip/mplab c32 suite/bin/../lib/gcc/pic32mx/4.5.1/../../../../pic32mx/lib\libc.a(ctype.o)

.mdebug.abi32%z18
                0x00000000        0x0
 .mdebug.abi32  0x00000000        0x0 c:/program files (x86)/microchip/mplab c32 suite/bin/../lib/gcc/pic32mx/4.5.1/../../../../pic32mx/lib\libc.a(_flsbuf_simple.o)

.bss%z19        0x00000000        0x0
 .bss           0x00000000        0x0 c:/program files (x86)/microchip/mplab c32 suite/bin/../lib/gcc/pic32mx/4.5.1/../../../../pic32mx/lib\libc.a(_flsbuf_simple.o)

.data%z20       0x00000000        0x0
 .data          0x00000000        0x0 c:/program files (x86)/microchip/mplab c32 suite/bin/../lib/gcc/pic32mx/4.5.1/../../../../pic32mx/lib\libc.a(_flsbuf_simple.o)

.mdebug.abi32%z21
                0x00000000        0x0
 .mdebug.abi32  0x00000000        0x0 c:/program files (x86)/microchip/mplab c32 suite/bin/../lib/gcc/pic32mx/4.5.1/../../../../pic32mx/lib\libc.a(write.o)

.bss%z22        0x00000000        0x0
 .bss           0x00000000        0x0 c:/program files (x86)/microchip/mplab c32 suite/bin/../lib/gcc/pic32mx/4.5.1/../../../../pic32mx/lib\libc.a(write.o)

.data%z23       0x00000000        0x0
 .data          0x00000000        0x0 c:/program files (x86)/microchip/mplab c32 suite/bin/../lib/gcc/pic32mx/4.5.1/../../../../pic32mx/lib\libc.a(write.o)

.mdebug.abi32%z24
                0x00000000        0x0
 .mdebug.abi32  0x00000000        0x0 c:/program files (x86)/microchip/mplab c32 suite/bin/../lib/gcc/pic32mx/4.5.1/../../../../pic32mx/lib\libc.a(doprnt_cdnopuxX.eo)

.bss%z25        0x00000000        0x0
 .bss           0x00000000        0x0 c:/program files (x86)/microchip/mplab c32 suite/bin/../lib/gcc/pic32mx/4.5.1/../../../../pic32mx/lib\libc.a(doprnt_cdnopuxX.eo)

.data%z26       0x00000000        0x0
 .data          0x00000000        0x0 c:/program files (x86)/microchip/mplab c32 suite/bin/../lib/gcc/pic32mx/4.5.1/../../../../pic32mx/lib\libc.a(doprnt_cdnopuxX.eo)

.mdebug.abi32%z27
                0x00000000        0x0
 .mdebug.abi32  0x00000000        0x0 c:/program files (x86)/microchip/mplab c32 suite/bin/../lib/gcc/pic32mx/4.5.1/../../../../pic32mx/lib\libc.a(_fputc_simple.o)

.bss%z28        0x00000000        0x0
 .bss           0x00000000        0x0 c:/program files (x86)/microchip/mplab c32 suite/bin/../lib/gcc/pic32mx/4.5.1/../../../../pic32mx/lib\libc.a(_fputc_simple.o)

.data%z29       0x00000000        0x0
 .data          0x00000000        0x0 c:/program files (x86)/microchip/mplab c32 suite/bin/../lib/gcc/pic32mx/4.5.1/../../../../pic32mx/lib\libc.a(_fputc_simple.o)

.mdebug.abi32%z30
                0x00000000        0x0
 .mdebug.abi32  0x00000000        0x0 c:/program files (x86)/microchip/mplab c32 suite/bin/../lib/gcc/pic32mx/4.5.1/../../../../pic32mx/lib\libc.a(_iob.o)

.bss%z31        0x00000000        0x0
 .bss           0x00000000        0x0 c:/program files (x86)/microchip/mplab c32 suite/bin/../lib/gcc/pic32mx/4.5.1/../../../../pic32mx/lib\libc.a(default-nmi-handler.o)

.data%z32       0x00000000        0x0
 .data          0x00000000        0x0 c:/program files (x86)/microchip/mplab c32 suite/bin/../lib/gcc/pic32mx/4.5.1/../../../../pic32mx/lib\libc.a(default-nmi-handler.o)

.mdebug.abi32%z33
                0x00000000        0x0
 .mdebug.abi32  0x00000000        0x0 c:/program files (x86)/microchip/mplab c32 suite/bin/../lib/gcc/pic32mx/4.5.1/../../../../pic32mx/lib\libc.a(default-on-bootstrap.o)

.bss%z34        0x00000000        0x0
 .bss           0x00000000        0x0 c:/program files (x86)/microchip/mplab c32 suite/bin/../lib/gcc/pic32mx/4.5.1/../../../../pic32mx/lib\libc.a(default-on-bootstrap.o)

.data%z35       0x00000000        0x0
 .data          0x00000000        0x0 c:/program files (x86)/microchip/mplab c32 suite/bin/../lib/gcc/pic32mx/4.5.1/../../../../pic32mx/lib\libc.a(default-on-bootstrap.o)

.mdebug.abi32%z36
                0x00000000        0x0
 .mdebug.abi32  0x00000000        0x0 c:/program files (x86)/microchip/mplab c32 suite/bin/../lib/gcc/pic32mx/4.5.1/../../../../pic32mx/lib\libc.a(default-on-reset.o)

.bss%z37        0x00000000        0x0
 .bss           0x00000000        0x0 c:/program files (x86)/microchip/mplab c32 suite/bin/../lib/gcc/pic32mx/4.5.1/../../../../pic32mx/lib\libc.a(default-on-reset.o)

.data%z38       0x00000000        0x0
 .data          0x00000000        0x0 c:/program files (x86)/microchip/mplab c32 suite/bin/../lib/gcc/pic32mx/4.5.1/../../../../pic32mx/lib\libc.a(default-on-reset.o)

.mdebug.abi32%z39
                0x00000000        0x0
 .mdebug.abi32  0x00000000        0x0 c:/program files (x86)/microchip/mplab c32 suite/bin/../lib/gcc/pic32mx/4.5.1/../../../../pic32mx/lib\libc.a(default-bootstrap-exception-handler.o)

.bss%z40        0x00000000        0x0
 .bss           0x00000000        0x0 c:/program files (x86)/microchip/mplab c32 suite/bin/../lib/gcc/pic32mx/4.5.1/../../../../pic32mx/lib\libc.a(default-bootstrap-exception-handler.o)

.data%z41       0x00000000        0x0
 .data          0x00000000        0x0 c:/program files (x86)/microchip/mplab c32 suite/bin/../lib/gcc/pic32mx/4.5.1/../../../../pic32mx/lib\libc.a(default-bootstrap-exception-handler.o)

.mdebug.abi32%z42
                0x00000000        0x0
 .mdebug.abi32  0x00000000        0x0 c:/program files (x86)/microchip/mplab c32 suite/bin/../lib/gcc/pic32mx/4.5.1/../../../../pic32mx/lib\libc.a(default-general-exception-handler.o)

.bss%z43        0x00000000        0x0
 .bss           0x00000000        0x0 c:/program files (x86)/microchip/mplab c32 suite/bin/../lib/gcc/pic32mx/4.5.1/../../../../pic32mx/lib\libc.a(default-general-exception-handler.o)

.data%z44       0x00000000        0x0
 .data          0x00000000        0x0 c:/program files (x86)/microchip/mplab c32 suite/bin/../lib/gcc/pic32mx/4.5.1/../../../../pic32mx/lib\libc.a(default-general-exception-handler.o)

.mdebug.abi32%z45
                0x00000000        0x0
 .mdebug.abi32  0x00000000        0x0 c:/program files (x86)/microchip/mplab c32 suite/bin/../lib/gcc/pic32mx/4.5.1/../../../../pic32mx/lib\libc.a(printf_cdnopuxX.eo)

.bss%z46        0x00000000        0x0
 .bss           0x00000000        0x0 c:/program files (x86)/microchip/mplab c32 suite/bin/../lib/gcc/pic32mx/4.5.1/../../../../pic32mx/lib\libc.a(printf_cdnopuxX.eo)

.data%z47       0x00000000        0x0
 .data          0x00000000        0x0 c:/program files (x86)/microchip/mplab c32 suite/bin/../lib/gcc/pic32mx/4.5.1/../../../../pic32mx/lib\libc.a(printf_cdnopuxX.eo)

.mdebug.abi32%z48
                0x00000000        0x0
 .mdebug.abi32  0x00000000        0x0 c:/program files (x86)/microchip/mplab c32 suite/bin/../lib/gcc/pic32mx/4.5.1/../../../../pic32mx/lib\libc.a(puts.o)

.bss%z49        0x00000000        0x0
 .bss           0x00000000        0x0 c:/program files (x86)/microchip/mplab c32 suite/bin/../lib/gcc/pic32mx/4.5.1/../../../../pic32mx/lib\libc.a(puts.o)

.data%z50       0x00000000        0x0
 .data          0x00000000        0x0 c:/program files (x86)/microchip/mplab c32 suite/bin/../lib/gcc/pic32mx/4.5.1/../../../../pic32mx/lib\libc.a(puts.o)

.bss%z51        0x00000000        0x0
 .bss           0x00000000        0x0 c:/program files (x86)/microchip/mplab c32 suite/bin/../lib/gcc/pic32mx/4.5.1/../../../../pic32mx/lib\libc.a(general-exception.o)

.data%z52       0x00000000        0x0
 .data          0x00000000        0x0 c:/program files (x86)/microchip/mplab c32 suite/bin/../lib/gcc/pic32mx/4.5.1/../../../../pic32mx/lib\libc.a(general-exception.o)

.mdebug.abi32%z53
                0x00000000        0x0
 .mdebug.abi32  0x00000000        0x0 pic_master.o

.bss%z54        0x00000000        0x0
 .bss           0x00000000        0x0 pic_master.o

.data%z55       0x00000000        0x0
 .data          0x00000000        0x0 pic_master.o

.bss%z56        0x00000000        0x0
 .bss           0x00000000        0x0 c:/program files (x86)/microchip/mplab c32 suite/bin/../lib/gcc/pic32mx/4.5.1/../../../../pic32mx/lib/crt0.o

.data%z57       0x00000000        0x0
 .data          0x00000000        0x0 c:/program files (x86)/microchip/mplab c32 suite/bin/../lib/gcc/pic32mx/4.5.1/../../../../pic32mx/lib/crt0.o

.text._vfprintf_cdnopuxX
                0x9d000008      0xae4
 .text._vfprintf_cdnopuxX
                0x9d000008      0xae4 c:/program files (x86)/microchip/mplab c32 suite/bin/../lib/gcc/pic32mx/4.5.1/../../../../pic32mx/lib\libc.a(doprnt_cdnopuxX.eo)
                0x9d000008                _vfprintf_cdnopuxX

.text           0x9d000aec      0xae0
 .text          0x9d000aec      0x46c c:/program files (x86)/microchip/mplab c32 suite/bin/../lib/gcc/pic32mx/4.5.1\libgcc.a(_umoddi3.o)
                0x9d000aec                __umoddi3
 .text          0x9d000f58      0x448 c:/program files (x86)/microchip/mplab c32 suite/bin/../lib/gcc/pic32mx/4.5.1\libgcc.a(_udivdi3.o)
                0x9d000f58                __udivdi3
 .text          0x9d0013a0      0x22c pic_master.o
                0x9d0013a0                initspi
                0x9d001464                spi_send_receive
                0x9d0014bc                initUART
                0x9d001524                main

.dinit          0x9d0015cc      0x15c
 .dinit         0x9d0015cc      0x15c data_init

.text.fputc     0x9d001728      0x140
 .text.fputc    0x9d001728      0x140 c:/program files (x86)/microchip/mplab c32 suite/bin/../lib/gcc/pic32mx/4.5.1/../../../../pic32mx/lib\libc.a(_fputc_simple.o)
                0x9d001728                fputc

.text._flsbuf   0x9d001868      0x12c
 .text._flsbuf  0x9d001868      0x12c c:/program files (x86)/microchip/mplab c32 suite/bin/../lib/gcc/pic32mx/4.5.1/../../../../pic32mx/lib\libc.a(_flsbuf_simple.o)
                0x9d001868                _flsbuf

.rodata         0x9d001994      0x104
 .rodata        0x9d001994      0x104 c:/program files (x86)/microchip/mplab c32 suite/bin/../lib/gcc/pic32mx/4.5.1/../../../../pic32mx/lib\libc.a(ctype.o)
                0x9d001994                _ctype

.text.general_exception
                0x9d001a98       0xd0
 .text.general_exception
                0x9d001a98       0xd0 c:/program files (x86)/microchip/mplab c32 suite/bin/../lib/gcc/pic32mx/4.5.1/../../../../pic32mx/lib\libc.a(general-exception.o)
                0x9d001a98                _general_exception_context

.rodata         0x9d001b68       0xd0
 .rodata        0x9d001b68       0xd0 c:/program files (x86)/microchip/mplab c32 suite/bin/../lib/gcc/pic32mx/4.5.1/../../../../pic32mx/lib\libc.a(doprnt_cdnopuxX.eo)

.text._mon_putc
                0x9d001c38       0xb4
 .text._mon_putc
                0x9d001c38       0xb4 c:/program files (x86)/microchip/mplab c32 suite/bin/../lib/gcc/pic32mx/4.5.1/../../../../pic32mx/lib\libc.a(_mon_putc.o)
                0x9d001c38                _mon_putc

.text.write     0x9d001cec       0x88
 .text.write    0x9d001cec       0x88 c:/program files (x86)/microchip/mplab c32 suite/bin/../lib/gcc/pic32mx/4.5.1/../../../../pic32mx/lib\libc.a(write.o)
                0x9d001cec                write

.text.fputs     0x9d001d74       0x78
 .text.fputs    0x9d001d74       0x78 c:/program files (x86)/microchip/mplab c32 suite/bin/../lib/gcc/pic32mx/4.5.1/../../../../pic32mx/lib\libc.a(puts.o)
                0x9d001d74                fputs

.text.puts      0x9d001dec       0x44
 .text.puts     0x9d001dec       0x44 c:/program files (x86)/microchip/mplab c32 suite/bin/../lib/gcc/pic32mx/4.5.1/../../../../pic32mx/lib\libc.a(puts.o)
                0x9d001dec                puts

.rodata         0x9d001e30       0x40
 .rodata        0x9d001e30       0x40 pic_master.o

.text._printf_cdnopuxX
                0x9d001e70       0x40
 .text._printf_cdnopuxX
                0x9d001e70       0x40 c:/program files (x86)/microchip/mplab c32 suite/bin/../lib/gcc/pic32mx/4.5.1/../../../../pic32mx/lib\libc.a(printf_cdnopuxX.eo)
                0x9d001e70                _printf_cdnopuxX

.text           0x9d001eb0       0x28
 .text          0x9d001eb0       0x18 c:/program files (x86)/microchip/mplab c32 suite/bin/../lib/gcc/pic32mx/4.5.1/../../../../pic32mx/lib\libc.a(default-nmi-handler.o)
                0x9d001eb0                _nmi_handler
 .text          0x9d001ec8       0x10 c:/program files (x86)/microchip/mplab c32 suite/bin/../lib/gcc/pic32mx/4.5.1/../../../../pic32mx/lib/crt0.o
                0x9d001ed0                __crt0_exit

.text._general_exception_handler
                0x9d001ed8        0xc
 .text._general_exception_handler
                0x9d001ed8        0xc c:/program files (x86)/microchip/mplab c32 suite/bin/../lib/gcc/pic32mx/4.5.1/../../../../pic32mx/lib\libc.a(default-general-exception-handler.o)
                0x9d001ed8                _general_exception_handler

.text._bootstrap_exception_handler
                0x9d001ee4        0xc
 .text._bootstrap_exception_handler
                0x9d001ee4        0xc c:/program files (x86)/microchip/mplab c32 suite/bin/../lib/gcc/pic32mx/4.5.1/../../../../pic32mx/lib\libc.a(default-bootstrap-exception-handler.o)
                0x9d001ee4                _bootstrap_exception_handler

.text._on_reset
                0x9d001ef0        0x8
 .text._on_reset
                0x9d001ef0        0x8 c:/program files (x86)/microchip/mplab c32 suite/bin/../lib/gcc/pic32mx/4.5.1/../../../../pic32mx/lib\libc.a(default-on-reset.o)
                0x9d001ef0                _on_reset

.text._on_bootstrap
                0x9d001ef8        0x8
 .text._on_bootstrap
                0x9d001ef8        0x8 c:/program files (x86)/microchip/mplab c32 suite/bin/../lib/gcc/pic32mx/4.5.1/../../../../pic32mx/lib\libc.a(default-on-bootstrap.o)
                0x9d001ef8                _on_bootstrap

.text%z58       0x00000000        0x0
 .text          0x00000000        0x0 c:/program files (x86)/microchip/mplab c32 suite/bin/../lib/gcc/pic32mx/4.5.1/../../../../pic32mx/lib/./proc/32MX675F512H\processor.o

.text%z59       0x00000000        0x0
 .text          0x00000000        0x0 c:/program files (x86)/microchip/mplab c32 suite/bin/../lib/gcc/pic32mx/4.5.1/../../../../pic32mx/lib\libc.a(c32_uart.o)

.text%z60       0x00000000        0x0
 .text          0x00000000        0x0 c:/program files (x86)/microchip/mplab c32 suite/bin/../lib/gcc/pic32mx/4.5.1/../../../../pic32mx/lib\libc.a(_mon_putc.o)

.text%z61       0x00000000        0x0
 .text          0x00000000        0x0 c:/program files (x86)/microchip/mplab c32 suite/bin/../lib/gcc/pic32mx/4.5.1/../../../../pic32mx/lib\libc.a(ctype.o)

.text%z62       0x00000000        0x0
 .text          0x00000000        0x0 c:/program files (x86)/microchip/mplab c32 suite/bin/../lib/gcc/pic32mx/4.5.1/../../../../pic32mx/lib\libc.a(_flsbuf_simple.o)

.text%z63       0x00000000        0x0
 .text          0x00000000        0x0 c:/program files (x86)/microchip/mplab c32 suite/bin/../lib/gcc/pic32mx/4.5.1/../../../../pic32mx/lib\libc.a(write.o)

.text%z64       0x00000000        0x0
 .text          0x00000000        0x0 c:/program files (x86)/microchip/mplab c32 suite/bin/../lib/gcc/pic32mx/4.5.1/../../../../pic32mx/lib\libc.a(doprnt_cdnopuxX.eo)

.text%z65       0x00000000        0x0
 .text          0x00000000        0x0 c:/program files (x86)/microchip/mplab c32 suite/bin/../lib/gcc/pic32mx/4.5.1/../../../../pic32mx/lib\libc.a(_fputc_simple.o)

.text%z66       0x00000000        0x0
 .text          0x00000000        0x0 c:/program files (x86)/microchip/mplab c32 suite/bin/../lib/gcc/pic32mx/4.5.1/../../../../pic32mx/lib\libc.a(_iob.o)

.text%z67       0x00000000        0x0
 .text          0x00000000        0x0 c:/program files (x86)/microchip/mplab c32 suite/bin/../lib/gcc/pic32mx/4.5.1/../../../../pic32mx/lib\libc.a(default-on-bootstrap.o)

.text%z68       0x00000000        0x0
 .text          0x00000000        0x0 c:/program files (x86)/microchip/mplab c32 suite/bin/../lib/gcc/pic32mx/4.5.1/../../../../pic32mx/lib\libc.a(default-on-reset.o)

.text%z69       0x00000000        0x0
 .text          0x00000000        0x0 c:/program files (x86)/microchip/mplab c32 suite/bin/../lib/gcc/pic32mx/4.5.1/../../../../pic32mx/lib\libc.a(default-bootstrap-exception-handler.o)

.text%z70       0x00000000        0x0
 .text          0x00000000        0x0 c:/program files (x86)/microchip/mplab c32 suite/bin/../lib/gcc/pic32mx/4.5.1/../../../../pic32mx/lib\libc.a(default-general-exception-handler.o)

.text%z71       0x00000000        0x0
 .text          0x00000000        0x0 c:/program files (x86)/microchip/mplab c32 suite/bin/../lib/gcc/pic32mx/4.5.1/../../../../pic32mx/lib\libc.a(printf_cdnopuxX.eo)

.text%z72       0x00000000        0x0
 .text          0x00000000        0x0 c:/program files (x86)/microchip/mplab c32 suite/bin/../lib/gcc/pic32mx/4.5.1/../../../../pic32mx/lib\libc.a(puts.o)

.text%z73       0x00000000        0x0
 .text          0x00000000        0x0 c:/program files (x86)/microchip/mplab c32 suite/bin/../lib/gcc/pic32mx/4.5.1/../../../../pic32mx/lib\libc.a(general-exception.o)
