------------------------------------------------------------
TimeQuest Timing Analyzer Summary
------------------------------------------------------------

Type  : Slow 1200mV 85C Model Setup 'sck'
Slack : -2.327
TNS   : -26.837

Type  : Slow 1200mV 85C Model Setup 'clk'
Slack : -1.568
TNS   : -2.948

Type  : Slow 1200mV 85C Model Hold 'sck'
Slack : 0.453
TNS   : 0.000

Type  : Slow 1200mV 85C Model Hold 'clk'
Slack : 0.454
TNS   : 0.000

Type  : Slow 1200mV 85C Model Minimum Pulse Width 'sck'
Slack : -3.000
TNS   : -28.279

Type  : Slow 1200mV 85C Model Minimum Pulse Width 'clk'
Slack : -3.000
TNS   : -7.461

Type  : Slow 1200mV 0C Model Setup 'sck'
Slack : -2.129
TNS   : -23.506

Type  : Slow 1200mV 0C Model Setup 'clk'
Slack : -1.460
TNS   : -2.538

Type  : Slow 1200mV 0C Model Hold 'sck'
Slack : 0.401
TNS   : 0.000

Type  : Slow 1200mV 0C Model Hold 'clk'
Slack : 0.402
TNS   : 0.000

Type  : Slow 1200mV 0C Model Minimum Pulse Width 'sck'
Slack : -3.000
TNS   : -28.279

Type  : Slow 1200mV 0C Model Minimum Pulse Width 'clk'
Slack : -3.000
TNS   : -7.461

Type  : Fast 1200mV 0C Model Setup 'clk'
Slack : -0.790
TNS   : -0.790

Type  : Fast 1200mV 0C Model Setup 'sck'
Slack : -0.329
TNS   : -1.525

Type  : Fast 1200mV 0C Model Hold 'sck'
Slack : 0.185
TNS   : 0.000

Type  : Fast 1200mV 0C Model Hold 'clk'
Slack : 0.187
TNS   : 0.000

Type  : Fast 1200mV 0C Model Minimum Pulse Width 'sck'
Slack : -3.000
TNS   : -21.196

Type  : Fast 1200mV 0C Model Minimum Pulse Width 'clk'
Slack : -3.000
TNS   : -6.183

------------------------------------------------------------
